Archive member included to satisfy reference by file (symbol)

C:/devkitPro/libctru/lib\libctru.a(archive_dev.o)
                              main.o (archiveMount)
C:/devkitPro/libctru/lib\libctru.a(console.o)
                              main.o (consoleInit)
C:/devkitPro/libctru/lib\libctru.a(gfx.o)
                              C:/devkitPro/libctru/lib\libctru.a(console.o) (gfxIsWide)
C:/devkitPro/libctru/lib\libctru.a(path_buf.o)
                              C:/devkitPro/libctru/lib\libctru.a(archive_dev.o) (__ctru_dev_utf16_buf)
C:/devkitPro/libctru/lib\libctru.a(apt.o)
                              main.o (aptMainLoop)
C:/devkitPro/libctru/lib\libctru.a(fs.o)
                              main.o (fsInit)
C:/devkitPro/libctru/lib\libctru.a(gspgpu.o)
                              C:/devkitPro/libctru/lib\libctru.a(gfx.o) (gspInit)
C:/devkitPro/libctru/lib\libctru.a(hid.o)
                              main.o (hidScanInput)
C:/devkitPro/libctru/lib\libctru.a(irrst.o)
                              C:/devkitPro/libctru/lib\libctru.a(hid.o) (irrstInit)
C:/devkitPro/libctru/lib\libctru.a(decode_utf8.o)
                              C:/devkitPro/libctru/lib\libctru.a(archive_dev.o) (decode_utf8)
C:/devkitPro/libctru/lib\libctru.a(utf16_to_utf8.o)
                              C:/devkitPro/libctru/lib\libctru.a(archive_dev.o) (utf16_to_utf8)
C:/devkitPro/libctru/lib\libctru.a(utf8_to_utf16.o)
                              C:/devkitPro/libctru/lib\libctru.a(archive_dev.o) (utf8_to_utf16)
C:/devkitPro/libctru/lib\libctru.a(ctru_init.o)
                              C:/devkitPro/libctru/lib\libctru.a(apt.o) (__system_retAddr)
C:/devkitPro/libctru/lib\libctru.a(initArgv.o)
                              C:/devkitPro/libctru/lib\libctru.a(ctru_init.o) (__system_initArgv)
C:/devkitPro/libctru/lib\libctru.a(syscalls.o)
                              C:/devkitPro/libctru/lib\libctru.a(ctru_init.o) (__system_initSyscalls)
C:/devkitPro/libctru/lib\libctru.a(svc.o)
                              C:/devkitPro/libctru/lib\libctru.a(apt.o) (svcSleepThread)
C:/devkitPro/libctru/lib\libctru.a(readtp.o)
                              C:/devkitPro/libctru/lib\libctru.a(archive_dev.o) (__aeabi_read_tp)
C:/devkitPro/libctru/lib\libctru.a(stack_adjust.o)
                              C:/devkitPro/devkitARM/bin/../lib/gcc/arm-none-eabi/15.1.0/../../../../arm-none-eabi/lib/armv6k/fpu/3dsx_crt0.o (initSystem)
C:/devkitPro/libctru/lib\libctru.a(default_font.bin.o)
                              C:/devkitPro/libctru/lib\libctru.a(console.o) (default_font_bin)
C:/devkitPro/libctru/lib\libctru.a(linear.o)
                              C:/devkitPro/libctru/lib\libctru.a(gfx.o) (linearAlloc)
C:/devkitPro/libctru/lib\libctru.a(mem_pool.o)
                              C:/devkitPro/libctru/lib\libctru.a(linear.o) (MemPool::Allocate(MemChunk&, unsigned long, int))
C:/devkitPro/libctru/lib\libctru.a(vram.o)
                              C:/devkitPro/libctru/lib\libctru.a(gfx.o) (vramAlloc)
C:/devkitPro/libctru/lib\libctru.a(3dslink.o)
                              C:/devkitPro/libctru/lib\libctru.a(initArgv.o) (__3dslink_host)
C:/devkitPro/libctru/lib\libctru.a(env.o)
                              C:/devkitPro/libctru/lib\libctru.a(fs.o) (envGetHandle)
C:/devkitPro/libctru/lib\libctru.a(os.o)
                              C:/devkitPro/libctru/lib\libctru.a(syscalls.o) (osGetTime)
C:/devkitPro/libctru/lib\libctru.a(srv.o)
                              C:/devkitPro/libctru/lib\libctru.a(apt.o) (srvInit)
C:/devkitPro/libctru/lib\libctru.a(synchronization.o)
                              C:/devkitPro/libctru/lib\libctru.a(ctru_init.o) (__sync_init)
C:/devkitPro/libctru/lib\libctru.a(thread.o)
                              C:/devkitPro/libctru/lib\libctru.a(apt.o) (threadCreate)
C:/devkitPro/libctru/lib\libctru.a(mappable.o)
                              C:/devkitPro/libctru/lib\libctru.a(apt.o) (mappableAlloc)
C:/devkitPro/libctru/lib\libctru.a(ptmsysm.o)
                              C:/devkitPro/libctru/lib\libctru.a(os.o) (ptmSysmInit)
C:/devkitPro/libctru/lib\libctru.a(srvpm.o)
                              C:/devkitPro/libctru/lib\libctru.a(srv.o) (srvPmGetSessionHandle)
C:/devkitPro/libctru/lib\libctru.a(soc_connect.o)
                              C:/devkitPro/libctru/lib\libctru.a(3dslink.o) (connect)
C:/devkitPro/libctru/lib\libctru.a(soc_socket.o)
                              C:/devkitPro/libctru/lib\libctru.a(3dslink.o) (socket)
C:/devkitPro/libctru/lib\libctru.a(rbtree_find.o)
                              C:/devkitPro/libctru/lib\libctru.a(linear.o) (rbtree_find)
C:/devkitPro/libctru/lib\libctru.a(rbtree_init.o)
                              C:/devkitPro/libctru/lib\libctru.a(linear.o) (rbtree_init)
C:/devkitPro/libctru/lib\libctru.a(rbtree_insert.o)
                              C:/devkitPro/libctru/lib\libctru.a(linear.o) (rbtree_insert)
C:/devkitPro/libctru/lib\libctru.a(rbtree_remove.o)
[...]
Memory Configuration

Name             Origin             Length             Attributes
*default*        0x00000000         0xffffffff

Linker script and memory map

                0x00000000                        __sync_synchronize = __sync_synchronize_dmb
                0x00100000                        PROVIDE (__start__ = 0x100000)
                0x00100000                        . = __start__

.text           0x00100000    0x18df0
 *(.crt0)
 .crt0          0x00100000       0x94 C:/devkitPro/devkitARM/bin/../lib/gcc/arm-none-eabi/15.1.0/../../../../arm-none-eabi/lib/armv6k/fpu/3dsx_crt0.o
                0x00100000                _start
                0x00100008                __service_ptr
                0x0010000c                __apt_appid
                0x00100010                __heap_size
                0x00100014                __linear_heap_size
                0x00100018                __system_arglist
                0x0010001c                __system_runflags
 *(.init)
 .init          0x00100094        0xc C:/devkitPro/devkitARM/bin/../lib/gcc/arm-none-eabi/15.1.0/armv6k/fpu/crti.o
                0x00100094                _init
 .init          0x001000a0        0xc C:/devkitPro/devkitARM/bin/../lib/gcc/arm-none-eabi/15.1.0/armv6k/fpu/crtn.o
                0x001000ac                        . = ALIGN (0x4)
 *(.text)
 .text          0x001000ac      0x240 C:/devkitPro/devkitARM/bin/../lib/gcc/arm-none-eabi/15.1.0/armv6k/fpu\libgcc.a(_divsi3.o)
                0x001000ac                __divsi3
                0x001000ac                __aeabi_idiv
                0x001002cc                __aeabi_idivmod
 .text          0x001002ec        0x4 C:/devkitPro/devkitARM/bin/../lib/gcc/arm-none-eabi/15.1.0/armv6k/fpu\libgcc.a(_dvmd_tls.o)
                0x001002ec                __aeabi_idiv0
                0x001002ec                __aeabi_ldiv0
 .text          0x001002f0       0x3c C:/devkitPro/devkitARM/bin/../lib/gcc/arm-none-eabi/15.1.0/armv6k/fpu\libgcc.a(_aeabi_uldivmod.o)
                0x001002f0                __aeabi_uldivmod
 .text          0x0010032c      0x1a8 C:/devkitPro/devkitARM/bin/../lib/gcc/arm-none-eabi/15.1.0/armv6k/fpu\libgcc.a(libunwind.o)
                0x0010032c                __restore_core_regs
                0x0010032c                restore_core_regs
                0x00100340                __gnu_Unwind_Restore_VFP
                0x00100348                __gnu_Unwind_Save_VFP
                0x00100350                __gnu_Unwind_Restore_VFP_D
                0x00100358                __gnu_Unwind_Save_VFP_D
                0x00100360                __gnu_Unwind_Restore_VFP_D_16_to_31
                0x00100368                __gnu_Unwind_Save_VFP_D_16_to_31
                0x00100370                __gnu_Unwind_Restore_WMMXD
                0x001003b4                __gnu_Unwind_Save_WMMXD
                0x001003f8                __gnu_Unwind_Restore_WMMXC
                0x0010040c                __gnu_Unwind_Save_WMMXC
                0x00100420                ___Unwind_RaiseException
                0x00100420                _Unwind_RaiseException
                0x00100444                _Unwind_Resume
                0x00100444                ___Unwind_Resume
                0x00100468                _Unwind_Resume_or_Rethrow
                0x00100468                ___Unwind_Resume_or_Rethrow
                0x0010048c                _Unwind_ForcedUnwind
                0x0010048c                ___Unwind_ForcedUnwind
                0x001004b0                ___Unwind_Backtrace
                0x001004b0                _Unwind_Backtrace
 *fill*         0x001004d4        0xc 
 .text          0x001004e0      0x390 C:/devkitPro/devkitARM/bin/../lib/gcc/arm-none-eabi/15.1.0/../../../../arm-none-eabi/lib/armv6k/fpu\libc.a(libc_a-strcmp.o)
                0x001004e8                strcmp
 .text          0x00100870      0x20c C:/devkitPro/devkitARM/bin/../lib/gcc/arm-none-eabi/15.1.0/armv6k/fpu\libgcc.a(_udivsi3.o)
                0x00100870                __aeabi_uidiv
                0x00100870                __udivsi3
                0x00100a5c                __aeabi_uidivmod
 *(.text.*)
 .text.__do_global_dtors_aux
                0x00100a7c       0x50 C:/devkitPro/devkitARM/bin/../lib/gcc/arm-none-eabi/15.1.0/armv6k/fpu/crtbegin.o
 .text.frame_dummy
                0x00100acc       0x2c C:/devkitPro/devkitARM/bin/../lib/gcc/arm-none-eabi/15.1.0/armv6k/fpu/crtbegin.o
 .text.startup.main
                0x00100af8       0xa4 main.o
                0x00100af8                main
 .text.archive_link
                0x00100b9c       0x14 C:/devkitPro/libctru/lib\libctru.a(archive_dev.o)
 .text.archive_dirreset
                0x00100bb0       0x14 C:/devkitPro/libctru/lib\libctru.a(archive_dev.o)
 .text.archive_chmod
                0x00100bc4       0x14 C:/devkitPro/libctru/lib\libctru.a(archive_dev.o)
 .text.error_cmp
                0x00100bd8       0x24 C:/devkitPro/libctru/lib\libctru.a(archive_dev.o)
 .text.archive_translate_error
                0x00100bfc       0x50 C:/devkitPro/libctru/lib\libctru.a(archive_dev.o)
 .text.archive_seek
                0x00100c4c       0xc0 C:/devkitPro/libctru/lib\libctru.a(archive_dev.o)
 .text._archiveInit.part.0
                0x00100d0c       0x78 C:/devkitPro/libctru/lib\libctru.a(archive_dev.o)
 .text.archiveFindDevice.part.0
                0x00100d84       0xd4 C:/devkitPro/libctru/lib\libctru.a(archive_dev.o)
 .text.archive_utf16path
                0x00100e58      0x298 C:/devkitPro/libctru/lib\libctru.a(archive_dev.o)
 .text._archiveUnmountDeviceStruct.part.0
                0x001010f0       0x98 C:/devkitPro/libctru/lib\libctru.a(archive_dev.o)
 .text.archive_statvfs
                0x00101188       0x14 C:/devkitPro/libctru/lib\libctru.a(archive_dev.o)
 .text.archive_fchmod
                0x0010119c       0x14 C:/devkitPro/libctru/lib\libctru.a(archive_dev.o)
 .text._archiveMountDevice
                0x001011b0      0x178 C:/devkitPro/libctru/lib\libctru.a(archive_dev.o)
 .text.archive_diropen
                0x00101328       0xf8 C:/devkitPro/libctru/lib\libctru.a(archive_dev.o)
 .text.archive_fstat
                0x00101420       0xac C:/devkitPro/libctru/lib\libctru.a(archive_dev.o)
 .text.archive_fsync
                0x001014cc       0x74 C:/devkitPro/libctru/lib\libctru.a(archive_dev.o)
 .text.archive_close
                0x00101540       0x74 C:/devkitPro/libctru/lib\libctru.a(archive_dev.o)
 .text.archive_dirclose
                0x001015b4       0x78 C:/devkitPro/libctru/lib\libctru.a(archive_dev.o)
 .text.sdmc_statvfs
                0x0010162c       0xec C:/devkitPro/libctru/lib\libctru.a(archive_dev.o)
 .text.archive_chdir
                0x00101718       0xf8 C:/devkitPro/libctru/lib\libctru.a(archive_dev.o)
 .text.archive_ftruncate
                0x00101810       0x8c C:/devkitPro/libctru/lib\libctru.a(archive_dev.o)
 .text.archive_read
                0x0010189c       0xbc C:/devkitPro/libctru/lib\libctru.a(archive_dev.o)
 .text.archive_unlink
                0x00101958       0xa8 C:/devkitPro/libctru/lib\libctru.a(archive_dev.o)
 .text.archive_rmdir
                0x00101a00       0xc0 C:/devkitPro/libctru/lib\libctru.a(archive_dev.o)
 .text.archive_mkdir
                0x00101ac0       0xd8 C:/devkitPro/libctru/lib\libctru.a(archive_dev.o)
 .text.archive_stat
                0x00101b98      0x1a0 C:/devkitPro/libctru/lib\libctru.a(archive_dev.o)
 .text.archive_dirnext
                0x00101d38      0x164 C:/devkitPro/libctru/lib\libctru.a(archive_dev.o)
 .text.archive_write
                0x00101e9c      0x13c C:/devkitPro/libctru/lib\libctru.a(archive_dev.o)
 .text.archive_open
                0x00101fd8      0x254 C:/devkitPro/libctru/lib\libctru.a(archive_dev.o)
 .text.archive_rename
                0x0010222c      0x270 C:/devkitPro/libctru/lib\libctru.a(archive_dev.o)
 .text.archiveMount
                0x0010249c       0xa0 C:/devkitPro/libctru/lib\libctru.a(archive_dev.o)
                0x0010249c                archiveMount
 .text.archiveMountSdmc
                0x0010253c      0x1c8 C:/devkitPro/libctru/lib\libctru.a(archive_dev.o)
                0x0010253c                archiveMountSdmc
 .text.archiveUnmountAll
                0x00102704       0x54 C:/devkitPro/libctru/lib\libctru.a(archive_dev.o)
                0x00102704                archiveUnmountAll
 .text.consoleDrawChar
                0x00102758      0x1c8 C:/devkitPro/libctru/lib\libctru.a(console.o)
                0x00102758                consoleDrawChar
 .text.consolePrintChar
                0x00102920      0x170 C:/devkitPro/libctru/lib\libctru.a(console.o)
                0x00102920                consolePrintChar
 .text.con_write
                0x00102a90      0xc40 C:/devkitPro/libctru/lib\libctru.a(console.o)
                0x00102a90                con_write
 .text.newRow   0x001036d0      0x110 C:/devkitPro/libctru/lib\libctru.a(console.o)
 .text.consoleInit
                0x001037e0      0x180 C:/devkitPro/libctru/lib\libctru.a(console.o)
                0x001037e0                consoleInit
 .text.gfxPresentFramebuffer
                0x00103960       0xcc C:/devkitPro/libctru/lib\libctru.a(gfx.o)
 .text.gfxIsWide
                0x00103a2c       0x1c C:/devkitPro/libctru/lib\libctru.a(gfx.o)
                0x00103a2c                gfxIsWide
 .text.gfxSetScreenFormat
                0x00103a48       0xf8 C:/devkitPro/libctru/lib\libctru.a(gfx.o)
                0x00103a48                gfxSetScreenFormat
 .text.gfxSetDoubleBuffering
                0x00103b40       0x10 C:/devkitPro/libctru/lib\libctru.a(gfx.o)
                0x00103b40                gfxSetDoubleBuffering
 .text.gfxInit  0x00103b50       0xd8 C:/devkitPro/libctru/lib\libctru.a(gfx.o)
                0x00103b50                gfxInit
 .text.gfxInitDefault
                0x00103c28       0x10 C:/devkitPro/libctru/lib\libctru.a(gfx.o)
                0x00103c28                gfxInitDefault
 .text.gfxExit  0x00103c38       0xb8 C:/devkitPro/libctru/lib\libctru.a(gfx.o)
                0x00103c38                gfxExit
 .text.gfxGetFramebuffer
                0x00103cf0       0xa0 C:/devkitPro/libctru/lib\libctru.a(gfx.o)
                0x00103cf0                gfxGetFramebuffer
 .text.gfxFlushBuffers
                0x00103d90      0x100 C:/devkitPro/libctru/lib\libctru.a(gfx.o)
                0x00103d90                gfxFlushBuffers
 .text.gfxSwapBuffersGpu
                0x00103e90       0x50 C:/devkitPro/libctru/lib\libctru.a(gfx.o)
                0x00103e90                gfxSwapBuffersGpu
 .text.aptConvertScreenForCapture
                0x00103ee0      0x180 C:/devkitPro/libctru/lib\libctru.a(apt.o)
 .text.aptDspSleep
                0x00104060        0x8 C:/devkitPro/libctru/lib\libctru.a(apt.o)
                0x00104060                aptDspSleep
 .text.aptDspWakeup
                0x00104068        0x4 C:/devkitPro/libctru/lib\libctru.a(apt.o)
                0x00104068                aptDspWakeup
 .text.aptDspCancel
                0x0010406c        0x4 C:/devkitPro/libctru/lib\libctru.a(apt.o)
                0x0010406c                aptDspCancel
 .text.aptSendCommand
                0x00104070      0x138 C:/devkitPro/libctru/lib\libctru.a(apt.o)
                0x00104070                aptSendCommand
 .text.aptExitProcess
                0x001041a8       0x44 C:/devkitPro/libctru/lib\libctru.a(apt.o)
 .text.aptExit  0x001041ec      0x394 C:/devkitPro/libctru/lib\libctru.a(apt.o)
                0x001041ec                aptExit
 .text.aptHandleSleep
                0x00104580       0xd8 C:/devkitPro/libctru/lib\libctru.a(apt.o)
                0x00104580                aptHandleSleep
 .text.APT_SleepIfShellClosed
                0x00104658       0x84 C:/devkitPro/libctru/lib\libctru.a(apt.o)
                0x00104658                APT_SleepIfShellClosed
 .text.aptSetSleepAllowed
                0x001046dc       0x78 C:/devkitPro/libctru/lib\libctru.a(apt.o)
                0x001046dc                aptSetSleepAllowed
 .text.APT_UnlockTransition
                0x00104754       0x84 C:/devkitPro/libctru/lib\libctru.a(apt.o)
                0x00104754                APT_UnlockTransition
 .text.aptEventHandler
                0x001047d8      0x470 C:/devkitPro/libctru/lib\libctru.a(apt.o)
 .text.APT_ReceiveParameter
                0x00104c48       0xbc C:/devkitPro/libctru/lib\libctru.a(apt.o)
                0x00104c48                APT_ReceiveParameter
 .text.aptReceiveParameter.constprop.0
                0x00104d04       0xb0 C:/devkitPro/libctru/lib\libctru.a(apt.o)
 *fill*         0x00104db4        0x4 
 .text.aptScreenTransfer
                0x00104db8      0x294 C:/devkitPro/libctru/lib\libctru.a(apt.o)
 .text.aptWaitForWakeUp.isra.0
                0x0010504c      0x2d0 C:/devkitPro/libctru/lib\libctru.a(apt.o)
 .text.aptJumpToHomeMenu
                0x0010531c       0xf4 C:/devkitPro/libctru/lib\libctru.a(apt.o)
                0x0010531c                aptJumpToHomeMenu
 .text.aptMainLoop
                0x00105410       0x58 C:/devkitPro/libctru/lib\libctru.a(apt.o)
                0x00105410                aptMainLoop
 .text.aptInit  0x00105468      0x240 C:/devkitPro/libctru/lib\libctru.a(apt.o)
                0x00105468                aptInit
 .text.APT_CheckNew3DS
                0x001056a8       0x90 C:/devkitPro/libctru/lib\libctru.a(apt.o)
                0x001056a8                APT_CheckNew3DS
 .text.fsInit   0x00105738      0x104 C:/devkitPro/libctru/lib\libctru.a(fs.o)
                0x00105738                fsInit
 .text.fsExit   0x0010583c       0x3c C:/devkitPro/libctru/lib\libctru.a(fs.o)
                0x0010583c                fsExit
 .text.fsExemptFromSession
                0x00105878       0x68 C:/devkitPro/libctru/lib\libctru.a(fs.o)
                0x00105878                fsExemptFromSession
 .text.fsUnexemptFromSession
                0x001058e0       0x50 C:/devkitPro/libctru/lib\libctru.a(fs.o)
                0x001058e0                fsUnexemptFromSession
 .text.fsMakePath
                0x00105930       0xa0 C:/devkitPro/libctru/lib\libctru.a(fs.o)
                0x00105930                fsMakePath
 .text.FSUSER_OpenFile
                0x001059d0       0xcc C:/devkitPro/libctru/lib\libctru.a(fs.o)
                0x001059d0                FSUSER_OpenFile
 .text.FSUSER_DeleteFile
                0x00105a9c       0xb8 C:/devkitPro/libctru/lib\libctru.a(fs.o)
                0x00105a9c                FSUSER_DeleteFile
 .text.FSUSER_RenameFile
                0x00105b54       0xf4 C:/devkitPro/libctru/lib\libctru.a(fs.o)
                0x00105b54                FSUSER_RenameFile
 .text.FSUSER_DeleteDirectory
                0x00105c48       0xb8 C:/devkitPro/libctru/lib\libctru.a(fs.o)
                0x00105c48                FSUSER_DeleteDirectory
 .text.FSUSER_CreateFile
                0x00105d00       0xd0 C:/devkitPro/libctru/lib\libctru.a(fs.o)
                0x00105d00                FSUSER_CreateFile
 .text.FSUSER_CreateDirectory
                0x00105dd0       0xc0 C:/devkitPro/libctru/lib\libctru.a(fs.o)
                0x00105dd0                FSUSER_CreateDirectory
 .text.FSUSER_RenameDirectory
                0x00105e90       0xf4 C:/devkitPro/libctru/lib\libctru.a(fs.o)
                0x00105e90                FSUSER_RenameDirectory
 .text.FSUSER_OpenDirectory
                0x00105f84       0xb4 C:/devkitPro/libctru/lib\libctru.a(fs.o)
                0x00105f84                FSUSER_OpenDirectory
 .text.FSUSER_OpenArchive
                0x00106038       0x90 C:/devkitPro/libctru/lib\libctru.a(fs.o)
                0x00106038                FSUSER_OpenArchive
 .text.FSUSER_CloseArchive
                0x001060c8       0x8c C:/devkitPro/libctru/lib\libctru.a(fs.o)
                0x001060c8                FSUSER_CloseArchive
 .text.FSUSER_GetSdmcArchiveResource
                0x00106154       0x74 C:/devkitPro/libctru/lib\libctru.a(fs.o)
                0x00106154                FSUSER_GetSdmcArchiveResource
 .text.FSUSER_IsSdmcWritable
                0x001061c8       0x64 C:/devkitPro/libctru/lib\libctru.a(fs.o)
                0x001061c8                FSUSER_IsSdmcWritable
 .text.FSFILE_Read
                0x0010622c       0x64 C:/devkitPro/libctru/lib\libctru.a(fs.o)
                0x0010622c                FSFILE_Read
 .text.FSFILE_Write
                0x00106290       0x6c C:/devkitPro/libctru/lib\libctru.a(fs.o)
                0x00106290                FSFILE_Write
 .text.FSFILE_GetSize
                0x001062fc       0x44 C:/devkitPro/libctru/lib\libctru.a(fs.o)
                0x001062fc                FSFILE_GetSize
 .text.FSFILE_SetSize
                0x00106340       0x28 C:/devkitPro/libctru/lib\libctru.a(fs.o)
                0x00106340                FSFILE_SetSize
 .text.FSFILE_Close
                0x00106368       0x3c C:/devkitPro/libctru/lib\libctru.a(fs.o)
                0x00106368                FSFILE_Close
 .text.FSFILE_Flush
                0x001063a4       0x24 C:/devkitPro/libctru/lib\libctru.a(fs.o)
                0x001063a4                FSFILE_Flush
 .text.FSDIR_Read
                0x001063c8       0x60 C:/devkitPro/libctru/lib\libctru.a(fs.o)
                0x001063c8                FSDIR_Read
 .text.FSDIR_Close
                0x00106428       0x3c C:/devkitPro/libctru/lib\libctru.a(fs.o)
                0x00106428                FSDIR_Close
 .text.gspHardwareInit
                0x00106464      0xc70 C:/devkitPro/libctru/lib\libctru.a(gspgpu.o)
 .text.gspInit  0x001070d4      0x280 C:/devkitPro/libctru/lib\libctru.a(gspgpu.o)
                0x001070d4                gspInit
 .text.gspExit  0x00107354      0x110 C:/devkitPro/libctru/lib\libctru.a(gspgpu.o)
                0x00107354                gspExit
 .text.gspHasGpuRight
                0x00107464       0x10 C:/devkitPro/libctru/lib\libctru.a(gspgpu.o)
                0x00107464                gspHasGpuRight
 .text.gspPresentBuffer
                0x00107474       0xa4 C:/devkitPro/libctru/lib\libctru.a(gspgpu.o)
                0x00107474                gspPresentBuffer
 .text.gspWaitForEvent
                0x00107518       0x50 C:/devkitPro/libctru/lib\libctru.a(gspgpu.o)
                0x00107518                gspWaitForEvent
 .text.gxCmdQueueInterrupt
                0x00107568        0x4 C:/devkitPro/libctru/lib\libctru.a(gspgpu.o)
                0x00107568                gxCmdQueueInterrupt
 .text.gspEventThreadMain
                0x0010756c      0x154 C:/devkitPro/libctru/lib\libctru.a(gspgpu.o)
 .text.GSPGPU_FlushDataCache
                0x001076c0       0x50 C:/devkitPro/libctru/lib\libctru.a(gspgpu.o)
                0x001076c0                GSPGPU_FlushDataCache
 .text.GSPGPU_SetLcdForceBlack
                0x00107710       0x34 C:/devkitPro/libctru/lib\libctru.a(gspgpu.o)
                0x00107710                GSPGPU_SetLcdForceBlack
 .text.GSPGPU_AcquireRight
                0x00107744       0x80 C:/devkitPro/libctru/lib\libctru.a(gspgpu.o)
                0x00107744                GSPGPU_AcquireRight
 .text.GSPGPU_ReleaseRight
                0x001077c4       0x5c C:/devkitPro/libctru/lib\libctru.a(gspgpu.o)
                0x001077c4                GSPGPU_ReleaseRight
 .text.GSPGPU_ImportDisplayCaptureInfo
                0x00107820       0x7c C:/devkitPro/libctru/lib\libctru.a(gspgpu.o)
                0x00107820                GSPGPU_ImportDisplayCaptureInfo
 .text.GSPGPU_SaveVramSysArea
                0x0010789c       0x2c C:/devkitPro/libctru/lib\libctru.a(gspgpu.o)
                0x0010789c                GSPGPU_SaveVramSysArea
 .text.GSPGPU_RestoreVramSysArea
                0x001078c8       0x2c C:/devkitPro/libctru/lib\libctru.a(gspgpu.o)
                0x001078c8                GSPGPU_RestoreVramSysArea
 .text.hidShouldUseIrrst
                0x001078f4       0x24 C:/devkitPro/libctru/lib\libctru.a(hid.o)
                0x001078f4                hidShouldUseIrrst
 .text.hidInit  0x00107918      0x1cc C:/devkitPro/libctru/lib\libctru.a(hid.o)
                0x00107918                hidInit
 .text.hidExit  0x00107ae4       0xe8 C:/devkitPro/libctru/lib\libctru.a(hid.o)
                0x00107ae4                hidExit
 .text.hidScanInput
                0x00107bcc      0x2a0 C:/devkitPro/libctru/lib\libctru.a(hid.o)
                0x00107bcc                hidScanInput
 .text.hidKeysDown
                0x00107e6c       0x10 C:/devkitPro/libctru/lib\libctru.a(hid.o)
                0x00107e6c                hidKeysDown
 .text.irrstInit
                0x00107e7c      0x1a4 C:/devkitPro/libctru/lib\libctru.a(irrst.o)
                0x00107e7c                irrstInit
 .text.irrstExit
                0x00108020       0xdc C:/devkitPro/libctru/lib\libctru.a(irrst.o)
                0x00108020                irrstExit
 .text.irrstScanInput
                0x001080fc       0xb4 C:/devkitPro/libctru/lib\libctru.a(irrst.o)
                0x001080fc                irrstScanInput
 .text.irrstKeysHeld
                0x001081b0       0x24 C:/devkitPro/libctru/lib\libctru.a(irrst.o)
                0x001081b0                irrstKeysHeld
 .text.decode_utf8
                0x001081d4      0x140 C:/devkitPro/libctru/lib\libctru.a(decode_utf8.o)
                0x001081d4                decode_utf8
 .text.utf16_to_utf8
                0x00108314       0xe8 C:/devkitPro/libctru/lib\libctru.a(utf16_to_utf8.o)
                0x00108314                utf16_to_utf8
 .text.utf8_to_utf16
                0x001083fc       0xc0 C:/devkitPro/libctru/lib\libctru.a(utf8_to_utf16.o)
                0x001083fc                utf8_to_utf16
 .text.__libctru_init
                0x001084bc       0x38 C:/devkitPro/libctru/lib\libctru.a(ctru_init.o)
                0x001084bc                __libctru_init
 .text.__system_initArgv
                0x001084f4      0x16c C:/devkitPro/libctru/lib\libctru.a(initArgv.o)
                0x001084f4                __system_initArgv
 .text.__syscall_getreent
                0x00108660       0x30 C:/devkitPro/libctru/lib\libctru.a(syscalls.o)
                0x00108660                __syscall_getreent
 .text.__syscall_lock_acquire
                0x00108690        0x4 C:/devkitPro/libctru/lib\libctru.a(syscalls.o)
                0x00108690                __syscall_lock_acquire
 .text.__syscall_lock_release
                0x00108694        0x4 C:/devkitPro/libctru/lib\libctru.a(syscalls.o)
                0x00108694                __syscall_lock_release
 .text.__syscall_lock_acquire_recursive
                0x00108698        0x4 C:/devkitPro/libctru/lib\libctru.a(syscalls.o)
                0x00108698                __syscall_lock_acquire_recursive
 .text.__syscall_lock_release_recursive
                0x0010869c        0x4 C:/devkitPro/libctru/lib\libctru.a(syscalls.o)
                0x0010869c                __syscall_lock_release_recursive
 .text.__syscall_exit
                0x001086a0        0x4 C:/devkitPro/libctru/lib\libctru.a(syscalls.o)
                0x001086a0                __syscall_exit
 .text.initThreadVars
                0x001086a4       0x54 C:/devkitPro/libctru/lib\libctru.a(syscalls.o)
                0x001086a4                initThreadVars
 .text.__system_initSyscalls
                0x001086f8       0x80 C:/devkitPro/libctru/lib\libctru.a(syscalls.o)
                0x001086f8                __system_initSyscalls
 .text.svcControlMemory
                0x00108778       0x20 C:/devkitPro/libctru/lib\libctru.a(svc.o)
                0x00108778                svcControlMemory
 .text.svcQueryMemory
                0x00108798       0x30 C:/devkitPro/libctru/lib\libctru.a(svc.o)
                0x00108798                svcQueryMemory
 .text.svcExitProcess
                0x001087c8        0x8 C:/devkitPro/libctru/lib\libctru.a(svc.o)
                0x001087c8                svcExitProcess
 .text.svcCreateThread
                0x001087d0       0x20 C:/devkitPro/libctru/lib\libctru.a(svc.o)
                0x001087d0                svcCreateThread
 .text.svcExitThread
                0x001087f0        0x8 C:/devkitPro/libctru/lib\libctru.a(svc.o)
                0x001087f0                svcExitThread
 .text.svcSleepThread
                0x001087f8        0x8 C:/devkitPro/libctru/lib\libctru.a(svc.o)
                0x001087f8                svcSleepThread
 .text.svcReleaseMutex
                0x00108800        0x8 C:/devkitPro/libctru/lib\libctru.a(svc.o)
                0x00108800                svcReleaseMutex
 .text.svcCreateEvent
                0x00108808       0x14 C:/devkitPro/libctru/lib\libctru.a(svc.o)
                0x00108808                svcCreateEvent
 .text.svcSignalEvent
                0x0010881c        0x8 C:/devkitPro/libctru/lib\libctru.a(svc.o)
                0x0010881c                svcSignalEvent
 .text.svcClearEvent
                0x00108824        0x8 C:/devkitPro/libctru/lib\libctru.a(svc.o)
                0x00108824                svcClearEvent
 .text.svcMapMemoryBlock
                0x0010882c        0x8 C:/devkitPro/libctru/lib\libctru.a(svc.o)
                0x0010882c                svcMapMemoryBlock
 .text.svcUnmapMemoryBlock
                0x00108834        0x8 C:/devkitPro/libctru/lib\libctru.a(svc.o)
                0x00108834                svcUnmapMemoryBlock
 .text.svcCreateAddressArbiter
                0x0010883c       0x14 C:/devkitPro/libctru/lib\libctru.a(svc.o)
                0x0010883c                svcCreateAddressArbiter
 .text.svcArbitrateAddressNoTimeout
                0x00108850        0x8 C:/devkitPro/libctru/lib\libctru.a(svc.o)
                0x00108850                svcArbitrateAddressNoTimeout
 .text.svcCloseHandle
                0x00108858        0x8 C:/devkitPro/libctru/lib\libctru.a(svc.o)
                0x00108858                svcCloseHandle
 .text.svcWaitSynchronization
                0x00108860        0x8 C:/devkitPro/libctru/lib\libctru.a(svc.o)
                0x00108860                svcWaitSynchronization
 .text.svcWaitSynchronizationN
                0x00108868       0x28 C:/devkitPro/libctru/lib\libctru.a(svc.o)
                0x00108868                svcWaitSynchronizationN
 .text.svcDuplicateHandle
                0x00108890       0x14 C:/devkitPro/libctru/lib\libctru.a(svc.o)
                0x00108890                svcDuplicateHandle
 .text.svcConnectToPort
                0x001088a4       0x14 C:/devkitPro/libctru/lib\libctru.a(svc.o)
                0x001088a4                svcConnectToPort
 .text.svcSendSyncRequest
                0x001088b8        0x8 C:/devkitPro/libctru/lib\libctru.a(svc.o)
                0x001088b8                svcSendSyncRequest
 .text.svcGetResourceLimit
                0x001088c0       0x14 C:/devkitPro/libctru/lib\libctru.a(svc.o)
                0x001088c0                svcGetResourceLimit
 .text.svcGetResourceLimitLimitValues
                0x001088d4        0x8 C:/devkitPro/libctru/lib\libctru.a(svc.o)
                0x001088d4                svcGetResourceLimitLimitValues
 .text.svcGetResourceLimitCurrentValues
                0x001088dc        0x8 C:/devkitPro/libctru/lib\libctru.a(svc.o)
                0x001088dc                svcGetResourceLimitCurrentValues
 .text.svcBreak
                0x001088e4        0x8 C:/devkitPro/libctru/lib\libctru.a(svc.o)
                0x001088e4                svcBreak
 .text.__aeabi_read_tp
                0x001088ec        0xc C:/devkitPro/libctru/lib\libctru.a(readtp.o)
                0x001088ec                __aeabi_read_tp
 .text.initSystem
                0x001088f8       0x50 C:/devkitPro/libctru/lib\libctru.a(stack_adjust.o)
                0x001088f8                initSystem
 .text.__ctru_exit
                0x00108948       0x14 C:/devkitPro/libctru/lib\libctru.a(stack_adjust.o)
                0x00108948                __ctru_exit
 .text._ZL21addrMapNodeComparatorPK11rbtree_nodeS1_
                0x0010895c       0x24 C:/devkitPro/libctru/lib\libctru.a(linear.o)
 .text._ZL21addrMapNodeDestructorP11rbtree_node
                0x00108980        0x4 C:/devkitPro/libctru/lib\libctru.a(linear.o)
 .text.linearMemAlign
                0x00108984      0x12c C:/devkitPro/libctru/lib\libctru.a(linear.o)
                0x00108984                linearMemAlign
 .text.linearAlloc
                0x00108ab0        0x8 C:/devkitPro/libctru/lib\libctru.a(linear.o)
                0x00108ab0                linearAlloc
 .text.linearFree
                0x00108ab8       0x5c C:/devkitPro/libctru/lib\libctru.a(linear.o)
                0x00108ab8                linearFree
 .text._ZN7MemPool13CoalesceRightEP8MemBlock
                0x00108b14       0x88 C:/devkitPro/libctru/lib\libctru.a(mem_pool.o)
                0x00108b14                MemPool::CoalesceRight(MemBlock*)
 .text._ZN7MemPool8AllocateER8MemChunkmi
                0x00108b9c      0x178 C:/devkitPro/libctru/lib\libctru.a(mem_pool.o)
                0x00108b9c                MemPool::Allocate(MemChunk&, unsigned long, int)
 .text._ZN7MemPool10DeallocateERK8MemChunk
                0x00108d14      0x118 C:/devkitPro/libctru/lib\libctru.a(mem_pool.o)
                0x00108d14                MemPool::Deallocate(MemChunk const&)
 .text._ZN7MemPool12GetFreeSpaceEv
                0x00108e2c       0x30 C:/devkitPro/libctru/lib\libctru.a(mem_pool.o)
                0x00108e2c                MemPool::GetFreeSpace()
 .text._ZL21addrMapNodeComparatorPK11rbtree_nodeS1_
                0x00108e5c       0x24 C:/devkitPro/libctru/lib\libctru.a(vram.o)
 .text._ZL21addrMapNodeDestructorP11rbtree_node
                0x00108e80        0x4 C:/devkitPro/libctru/lib\libctru.a(vram.o)
 .text.vramMemAlignAt
                0x00108e84      0x248 C:/devkitPro/libctru/lib\libctru.a(vram.o)
                0x00108e84                vramMemAlignAt
 .text.vramAlloc
                0x001090cc        0xc C:/devkitPro/libctru/lib\libctru.a(vram.o)
                0x001090cc                vramAlloc
 .text.vramFree
                0x001090d8       0x94 C:/devkitPro/libctru/lib\libctru.a(vram.o)
                0x001090d8                vramFree
 .text.envGetHandle
                0x0010916c       0x8c C:/devkitPro/libctru/lib\libctru.a(env.o)
                0x0010916c                envGetHandle
 .text.envDestroyHandles
                0x001091f8       0x50 C:/devkitPro/libctru/lib\libctru.a(env.o)
                0x001091f8                envDestroyHandles
 .text.__ctru_speedup_config
                0x00109248       0x34 C:/devkitPro/libctru/lib\libctru.a(os.o)
                0x00109248                __ctru_speedup_config
 .text.srvInit  0x0010927c      0x164 C:/devkitPro/libctru/lib\libctru.a(srv.o)
                0x0010927c                srvInit
 .text.srvExit  0x001093e0       0x64 C:/devkitPro/libctru/lib\libctru.a(srv.o)
                0x001093e0                srvExit
 .text.srvEnableNotification
                0x00109444       0x60 C:/devkitPro/libctru/lib\libctru.a(srv.o)
                0x00109444                srvEnableNotification
 .text.srvGetServiceHandleDirect
                0x001094a4       0xa0 C:/devkitPro/libctru/lib\libctru.a(srv.o)
                0x001094a4                srvGetServiceHandleDirect
 .text.srvGetServiceHandle
                0x00109544       0x48 C:/devkitPro/libctru/lib\libctru.a(srv.o)
                0x00109544                srvGetServiceHandle
 .text.srvSubscribe
                0x0010958c       0x34 C:/devkitPro/libctru/lib\libctru.a(srv.o)
                0x0010958c                srvSubscribe
 .text.srvReceiveNotification
                0x001095c0       0x60 C:/devkitPro/libctru/lib\libctru.a(srv.o)
                0x001095c0                srvReceiveNotification
 .text.srvPublishToSubscriber
                0x00109620       0x38 C:/devkitPro/libctru/lib\libctru.a(srv.o)
                0x00109620                srvPublishToSubscriber
 .text.__sync_init
                0x00109658        0xc C:/devkitPro/libctru/lib\libctru.a(synchronization.o)
                0x00109658                __sync_init
 .text.__sync_fini
                0x00109664       0x18 C:/devkitPro/libctru/lib\libctru.a(synchronization.o)
                0x00109664                __sync_fini
 .text.syncArbitrateAddress
                0x0010967c       0x28 C:/devkitPro/libctru/lib\libctru.a(synchronization.o)
                0x0010967c                syncArbitrateAddress
 .text.LightLock_Lock
                0x001096a4       0xac C:/devkitPro/libctru/lib\libctru.a(synchronization.o)
                0x001096a4                LightLock_Lock
 .text.LightLock_Unlock
                0x00109750       0x40 C:/devkitPro/libctru/lib\libctru.a(synchronization.o)
                0x00109750                LightLock_Unlock
 .text.RecursiveLock_Lock
                0x00109790       0x54 C:/devkitPro/libctru/lib\libctru.a(synchronization.o)
                0x00109790                RecursiveLock_Lock
 .text.RecursiveLock_Unlock
                0x001097e4       0x54 C:/devkitPro/libctru/lib\libctru.a(synchronization.o)
                0x001097e4                RecursiveLock_Unlock
 .text.LightEvent_Init
                0x00109838       0x44 C:/devkitPro/libctru/lib\libctru.a(synchronization.o)
                0x00109838                LightEvent_Init
 .text.LightEvent_Clear
                0x0010987c       0xb8 C:/devkitPro/libctru/lib\libctru.a(synchronization.o)
                0x0010987c                LightEvent_Clear
 .text.LightEvent_Signal
                0x00109934       0xdc C:/devkitPro/libctru/lib\libctru.a(synchronization.o)
                0x00109934                LightEvent_Signal
 .text.LightEvent_TryWait
                0x00109a10       0x50 C:/devkitPro/libctru/lib\libctru.a(synchronization.o)
                0x00109a10                LightEvent_TryWait
 .text.LightEvent_Wait
                0x00109a60       0xac C:/devkitPro/libctru/lib\libctru.a(synchronization.o)
                0x00109a60                LightEvent_Wait
 .text.threadCreate
                0x00109b0c      0x1fc C:/devkitPro/libctru/lib\libctru.a(thread.o)
                0x00109b0c                threadCreate
 .text.threadFree
                0x00109d08       0x38 C:/devkitPro/libctru/lib\libctru.a(thread.o)
                0x00109d08                threadFree
 .text.threadJoin
                0x00109d40       0x24 C:/devkitPro/libctru/lib\libctru.a(thread.o)
                0x00109d40                threadJoin
 .text.threadGetCurrent
                0x00109d64       0x30 C:/devkitPro/libctru/lib\libctru.a(thread.o)
                0x00109d64                threadGetCurrent
 .text.threadExit
                0x00109d94       0x40 C:/devkitPro/libctru/lib\libctru.a(thread.o)
                0x00109d94                threadExit
 .text._thread_begin
                0x00109dd4       0x20 C:/devkitPro/libctru/lib\libctru.a(thread.o)
 .text.mappableFindAddressWithin
                0x00109df4       0x90 C:/devkitPro/libctru/lib\libctru.a(mappable.o)
 .text.mappableInit
                0x00109e84       0x28 C:/devkitPro/libctru/lib\libctru.a(mappable.o)
                0x00109e84                mappableInit
 .text.mappableAlloc
                0x00109eac       0x7c C:/devkitPro/libctru/lib\libctru.a(mappable.o)
                0x00109eac                mappableAlloc
 .text.mappableFree
                0x00109f28        0x4 C:/devkitPro/libctru/lib\libctru.a(mappable.o)
                0x00109f28                mappableFree
 .text.ptmSysmInit
                0x00109f2c       0x78 C:/devkitPro/libctru/lib\libctru.a(ptmsysm.o)
                0x00109f2c                ptmSysmInit
 .text.ptmSysmExit
                0x00109fa4       0x3c C:/devkitPro/libctru/lib\libctru.a(ptmsysm.o)
                0x00109fa4                ptmSysmExit
 .text.PTMSYSM_ConfigureNew3DSCPU
                0x00109fe0       0x34 C:/devkitPro/libctru/lib\libctru.a(ptmsysm.o)
                0x00109fe0                PTMSYSM_ConfigureNew3DSCPU
 .text.srvPmGetSessionHandle
                0x0010a014        0xc C:/devkitPro/libctru/lib\libctru.a(srvpm.o)
                0x0010a014                srvPmGetSessionHandle
 .text.rbtree_find
                0x0010a020       0x74 C:/devkitPro/libctru/lib\libctru.a(rbtree_find.o)
                0x0010a020                rbtree_find
 .text.rbtree_init
                0x0010a094       0x10 C:/devkitPro/libctru/lib\libctru.a(rbtree_init.o)
                0x0010a094                rbtree_init
 .text.do_insert
                0x0010a0a4      0x198 C:/devkitPro/libctru/lib\libctru.a(rbtree_insert.o)
 .text.rbtree_insert
                0x0010a23c        0x8 C:/devkitPro/libctru/lib\libctru.a(rbtree_insert.o)
                0x0010a23c                rbtree_insert
 .text.rbtree_remove
                0x0010a244      0x310 C:/devkitPro/libctru/lib\libctru.a(rbtree_remove.o)
                0x0010a244                rbtree_remove
 .text.rbtree_rotate
                0x0010a554       0x90 C:/devkitPro/libctru/lib\libctru.a(rbtree_rotate.o)
                0x0010a554                rbtree_rotate
 .text.decode_utf16
                0x0010a5e4       0x54 C:/devkitPro/libctru/lib\libctru.a(decode_utf16.o)
                0x0010a5e4                decode_utf16
 .text.encode_utf16
                0x0010a638       0x54 C:/devkitPro/libctru/lib\libctru.a(encode_utf16.o)
                0x0010a638                encode_utf16
 .text.encode_utf8
                0x0010a68c       0xe0 C:/devkitPro/libctru/lib\libctru.a(encode_utf8.o)
                0x0010a68c                encode_utf8
 *fill*         0x0010a76c        0x4 
 .text.__system_allocateHeaps
                0x0010a770      0x1e8 C:/devkitPro/libctru/lib\libctru.a(allocateHeaps.o)
                0x0010a770                __system_allocateHeaps
 .text.__appExit
                0x0010a958       0x30 C:/devkitPro/libctru/lib\libctru.a(appExit.o)
                0x0010a958                __appExit
 .text.__appInit
                0x0010a988       0x30 C:/devkitPro/libctru/lib\libctru.a(appInit.o)
                0x0010a988                __appInit
 .text.__libctru_exit
                0x0010a9b8       0x90 C:/devkitPro/libctru/lib\libctru.a(ctru_exit.o)
                0x0010a9b8                __libctru_exit
 .text.rbtree_node_next
                0x0010aa48       0x60 C:/devkitPro/libctru/lib\libctru.a(rbtree_iterator.o)
                0x0010aa48                rbtree_node_next
 .text.__udivmoddi4
                0x0010aaa8      0x130 C:/devkitPro/devkitARM/bin/../lib/gcc/arm-none-eabi/15.1.0/armv6k/fpu\libgcc.a(_udivmoddi4.o)
                0x0010aaa8                __udivmoddi4
 .text.selfrel_offset31
                0x0010abd8       0x18 C:/devkitPro/devkitARM/bin/../lib/gcc/arm-none-eabi/15.1.0/armv6k/fpu\libgcc.a(unwind-arm.o)
 .text.search_EIT_table
                0x0010abf0       0x90 C:/devkitPro/devkitARM/bin/../lib/gcc/arm-none-eabi/15.1.0/armv6k/fpu\libgcc.a(unwind-arm.o)
 .text.__gnu_unwind_get_pr_addr
                0x0010ac80       0x40 C:/devkitPro/devkitARM/bin/../lib/gcc/arm-none-eabi/15.1.0/armv6k/fpu\libgcc.a(unwind-arm.o)
 .text.get_eit_entry
                0x0010acc0      0x110 C:/devkitPro/devkitARM/bin/../lib/gcc/arm-none-eabi/15.1.0/armv6k/fpu\libgcc.a(unwind-arm.o)
 .text.restore_non_core_regs
                0x0010add0       0x88 C:/devkitPro/devkitARM/bin/../lib/gcc/arm-none-eabi/15.1.0/armv6k/fpu\libgcc.a(unwind-arm.o)
 .text._Unwind_decode_typeinfo_ptr.constprop.0
                0x0010ae58       0x14 C:/devkitPro/devkitARM/bin/../lib/gcc/arm-none-eabi/15.1.0/armv6k/fpu\libgcc.a(unwind-arm.o)
 .text._Unwind_DebugHook
                0x0010ae6c        0x4 C:/devkitPro/devkitARM/bin/../lib/gcc/arm-none-eabi/15.1.0/armv6k/fpu\libgcc.a(unwind-arm.o)
 .text.unwind_phase2
                0x0010ae70       0x64 C:/devkitPro/devkitARM/bin/../lib/gcc/arm-none-eabi/15.1.0/armv6k/fpu\libgcc.a(unwind-arm.o)
 .text.unwind_phase2_forced
                0x0010aed4      0x13c C:/devkitPro/devkitARM/bin/../lib/gcc/arm-none-eabi/15.1.0/armv6k/fpu\libgcc.a(unwind-arm.o)
 .text.__gnu_Unwind_RaiseException
                0x0010b010       0xa4 C:/devkitPro/devkitARM/bin/../lib/gcc/arm-none-eabi/15.1.0/armv6k/fpu\libgcc.a(unwind-arm.o)
                0x0010b010                __gnu_Unwind_RaiseException
 .text.__gnu_Unwind_ForcedUnwind
                0x0010b0b4       0x20 C:/devkitPro/devkitARM/bin/../lib/gcc/arm-none-eabi/15.1.0/armv6k/fpu\libgcc.a(unwind-arm.o)
                0x0010b0b4                __gnu_Unwind_ForcedUnwind
 .text.__gnu_Unwind_Resume
                0x0010b0d4       0x74 C:/devkitPro/devkitARM/bin/../lib/gcc/arm-none-eabi/15.1.0/armv6k/fpu\libgcc.a(unwind-arm.o)
                0x0010b0d4                __gnu_Unwind_Resume
 .text.__gnu_Unwind_Resume_or_Rethrow
                0x0010b148       0x20 C:/devkitPro/devkitARM/bin/../lib/gcc/arm-none-eabi/15.1.0/armv6k/fpu\libgcc.a(unwind-arm.o)
                0x0010b148                __gnu_Unwind_Resume_or_Rethrow
 .text._Unwind_VRS_Get
                0x0010b168       0x64 C:/devkitPro/devkitARM/bin/../lib/gcc/arm-none-eabi/15.1.0/armv6k/fpu\libgcc.a(unwind-arm.o)
                0x0010b168                _Unwind_VRS_Get
 .text._Unwind_GetGR
                0x0010b1cc       0x2c C:/devkitPro/devkitARM/bin/../lib/gcc/arm-none-eabi/15.1.0/armv6k/fpu\libgcc.a(unwind-arm.o)
 .text._Unwind_VRS_Set
                0x0010b1f8       0x64 C:/devkitPro/devkitARM/bin/../lib/gcc/arm-none-eabi/15.1.0/armv6k/fpu\libgcc.a(unwind-arm.o)
                0x0010b1f8                _Unwind_VRS_Set
 .text._Unwind_SetGR
                0x0010b25c       0x2c C:/devkitPro/devkitARM/bin/../lib/gcc/arm-none-eabi/15.1.0/armv6k/fpu\libgcc.a(unwind-arm.o)
 .text.__gnu_Unwind_Backtrace
                0x0010b288       0xc0 C:/devkitPro/devkitARM/bin/../lib/gcc/arm-none-eabi/15.1.0/armv6k/fpu\libgcc.a(unwind-arm.o)
                0x0010b288                __gnu_Unwind_Backtrace
 .text.__gnu_unwind_pr_common
                0x0010b348      0x40c C:/devkitPro/devkitARM/bin/../lib/gcc/arm-none-eabi/15.1.0/armv6k/fpu\libgcc.a(unwind-arm.o)
 .text.__aeabi_unwind_cpp_pr0
                0x0010b754        0x8 C:/devkitPro/devkitARM/bin/../lib/gcc/arm-none-eabi/15.1.0/armv6k/fpu\libgcc.a(unwind-arm.o)
                0x0010b754                __aeabi_unwind_cpp_pr0
 .text.__aeabi_unwind_cpp_pr1
                0x0010b75c        0x8 C:/devkitPro/devkitARM/bin/../lib/gcc/arm-none-eabi/15.1.0/armv6k/fpu\libgcc.a(unwind-arm.o)
                0x0010b75c                __aeabi_unwind_cpp_pr1
 .text.__aeabi_unwind_cpp_pr2
                0x0010b764        0x8 C:/devkitPro/devkitARM/bin/../lib/gcc/arm-none-eabi/15.1.0/armv6k/fpu\libgcc.a(unwind-arm.o)
                0x0010b764                __aeabi_unwind_cpp_pr2
 .text._Unwind_VRS_Pop
                0x0010b76c      0x458 C:/devkitPro/devkitARM/bin/../lib/gcc/arm-none-eabi/15.1.0/armv6k/fpu\libgcc.a(unwind-arm.o)
                0x0010b76c                _Unwind_VRS_Pop
 .text.next_unwind_byte
                0x0010bbc4       0x64 C:/devkitPro/devkitARM/bin/../lib/gcc/arm-none-eabi/15.1.0/armv6k/fpu\libgcc.a(pr-support.o)
 .text.__gnu_unwind_execute
                0x0010bc28      0x464 C:/devkitPro/devkitARM/bin/../lib/gcc/arm-none-eabi/15.1.0/armv6k/fpu\libgcc.a(pr-support.o)
                0x0010bc28                __gnu_unwind_execute
 .text.strncmp  0x0010c08c       0xd8 C:/devkitPro/devkitARM/bin/../lib/gcc/arm-none-eabi/15.1.0/../../../../arm-none-eabi/lib/armv6k/fpu\libc.a(libc_a-strncmp.o)
                0x0010c08c                strncmp
 .text.strlen   0x0010c164       0x8c C:/devkitPro/devkitARM/bin/../lib/gcc/arm-none-eabi/15.1.0/../../../../arm-none-eabi/lib/armv6k/fpu\libc.a(libc_a-strlen.o)
                0x0010c164                strlen
 .text.stdio_exit_handler
                0x0010c1f0       0x1c C:/devkitPro/devkitARM/bin/../lib/gcc/arm-none-eabi/15.1.0/../../../../arm-none-eabi/lib/armv6k/fpu\libc.a(libc_a-findfp.o)
 .text.cleanup_stdio
                0x0010c20c       0x5c C:/devkitPro/devkitARM/bin/../lib/gcc/arm-none-eabi/15.1.0/../../../../arm-none-eabi/lib/armv6k/fpu\libc.a(libc_a-findfp.o)
 .text.global_stdio_init.part.0
                0x0010c268      0x154 C:/devkitPro/devkitARM/bin/../lib/gcc/arm-none-eabi/15.1.0/../../../../arm-none-eabi/lib/armv6k/fpu\libc.a(libc_a-findfp.o)
 .text.__sinit  0x0010c3bc       0x5c C:/devkitPro/devkitARM/bin/../lib/gcc/arm-none-eabi/15.1.0/../../../../arm-none-eabi/lib/armv6k/fpu\libc.a(libc_a-findfp.o)
                0x0010c3bc                __sinit
 .text.__sfp_lock_acquire
                0x0010c418        0xc C:/devkitPro/devkitARM/bin/../lib/gcc/arm-none-eabi/15.1.0/../../../../arm-none-eabi/lib/armv6k/fpu\libc.a(libc_a-findfp.o)
                0x0010c418                __sfp_lock_acquire
 .text.__sfp_lock_release
                0x0010c424        0xc C:/devkitPro/devkitARM/bin/../lib/gcc/arm-none-eabi/15.1.0/../../../../arm-none-eabi/lib/armv6k/fpu\libc.a(libc_a-findfp.o)
                0x0010c424                __sfp_lock_release
 .text._strtoul_l.isra.0
                0x0010c430      0x1ec C:/devkitPro/devkitARM/bin/../lib/gcc/arm-none-eabi/15.1.0/../../../../arm-none-eabi/lib/armv6k/fpu\libc.a(libc_a-strtoul.o)
 .text.strtoul  0x0010c61c       0x3c C:/devkitPro/devkitARM/bin/../lib/gcc/arm-none-eabi/15.1.0/../../../../arm-none-eabi/lib/armv6k/fpu\libc.a(libc_a-strtoul.o)
                0x0010c61c                strtoul
 .text.__libc_init_array
                0x0010c658       0x84 C:/devkitPro/devkitARM/bin/../lib/gcc/arm-none-eabi/15.1.0/../../../../arm-none-eabi/lib/armv6k/fpu\libc.a(libc_a-init.o)
                0x0010c658                __libc_init_array
 .text.strncat  0x0010c6dc       0x9c C:/devkitPro/devkitARM/bin/../lib/gcc/arm-none-eabi/15.1.0/../../../../arm-none-eabi/lib/armv6k/fpu\libc.a(libc_a-strncat.o)
                0x0010c6dc                strncat
 .text._fwalk_sglue
                0x0010c778       0x70 C:/devkitPro/devkitARM/bin/../lib/gcc/arm-none-eabi/15.1.0/../../../../arm-none-eabi/lib/armv6k/fpu\libc.a(libc_a-fwalk.o)
                0x0010c778                _fwalk_sglue
 .text.bsearch  0x0010c7e8       0x78 C:/devkitPro/devkitARM/bin/../lib/gcc/arm-none-eabi/15.1.0/../../../../arm-none-eabi/lib/armv6k/fpu\libc.a(libc_a-bsearch.o)
                0x0010c7e8                bsearch
 .text.__errno  0x0010c860        0xc C:/devkitPro/devkitARM/bin/../lib/gcc/arm-none-eabi/15.1.0/../../../../arm-none-eabi/lib/armv6k/fpu\libc.a(libc_a-errno.o)
                0x0010c860                __errno
 .text.abort    0x0010c86c       0x14 C:/devkitPro/devkitARM/bin/../lib/gcc/arm-none-eabi/15.1.0/../../../../arm-none-eabi/lib/armv6k/fpu\libc.a(libc_a-abort.o)
                0x0010c86c                abort
 .text.memalign
                0x0010c880       0x28 C:/devkitPro/devkitARM/bin/../lib/gcc/arm-none-eabi/15.1.0/../../../../arm-none-eabi/lib/armv6k/fpu\libc.a(libc_a-malign.o)
                0x0010c880                memalign
 .text._malloc_r
                0x0010c8a8      0x82c C:/devkitPro/devkitARM/bin/../lib/gcc/arm-none-eabi/15.1.0/../../../../arm-none-eabi/lib/armv6k/fpu\libc.a(libc_a-mallocr.o)
                0x0010c8a8                _malloc_r
 .text._malloc_trim_r
                0x0010d0d4      0x114 C:/devkitPro/devkitARM/bin/../lib/gcc/arm-none-eabi/15.1.0/../../../../arm-none-eabi/lib/armv6k/fpu\libc.a(libc_a-freer.o)
                0x0010d0d4                _malloc_trim_r
 .text._free_r  0x0010d1e8      0x314 C:/devkitPro/devkitARM/bin/../lib/gcc/arm-none-eabi/15.1.0/../../../../arm-none-eabi/lib/armv6k/fpu\libc.a(libc_a-freer.o)
                0x0010d1e8                _free_r
 .text.printf   0x0010d4fc       0x34 C:/devkitPro/devkitARM/bin/../lib/gcc/arm-none-eabi/15.1.0/../../../../arm-none-eabi/lib/armv6k/fpu\libc.a(libc_a-printf.o)
                0x0010d4fc                printf
 .text.strnlen  0x0010d530       0x3c C:/devkitPro/devkitARM/bin/../lib/gcc/arm-none-eabi/15.1.0/../../../../arm-none-eabi/lib/armv6k/fpu\libc.a(libc_a-strnlen.o)
                0x0010d530                strnlen
 .text.malloc   0x0010d56c       0x40 C:/devkitPro/devkitARM/bin/../lib/gcc/arm-none-eabi/15.1.0/../../../../arm-none-eabi/lib/armv6k/fpu\libc.a(libc_a-malloc.o)
                0x0010d56c                malloc
 .text.free     0x0010d5ac       0x20 C:/devkitPro/devkitARM/bin/../lib/gcc/arm-none-eabi/15.1.0/../../../../arm-none-eabi/lib/armv6k/fpu\libc.a(libc_a-malloc.o)
                0x0010d5ac                free
 .text.__sflush_r
                0x0010d5cc      0x22c C:/devkitPro/devkitARM/bin/../lib/gcc/arm-none-eabi/15.1.0/../../../../arm-none-eabi/lib/armv6k/fpu\libc.a(libc_a-fflush.o)
                0x0010d5cc                __sflush_r
 .text._fflush_r
                0x0010d7f8       0xc4 C:/devkitPro/devkitARM/bin/../lib/gcc/arm-none-eabi/15.1.0/../../../../arm-none-eabi/lib/armv6k/fpu\libc.a(libc_a-fflush.o)
                0x0010d7f8                _fflush_r
 .text.memset   0x0010d8bc       0xe4 C:/devkitPro/devkitARM/bin/../lib/gcc/arm-none-eabi/15.1.0/../../../../arm-none-eabi/lib/armv6k/fpu\libc.a(libc_a-memset.o)
                0x0010d8bc                memset
 .text.__malloc_lock
                0x0010d9a0        0xc C:/devkitPro/devkitARM/bin/../lib/gcc/arm-none-eabi/15.1.0/../../../../arm-none-eabi/lib/armv6k/fpu\libc.a(libc_a-mlock.o)
                0x0010d9a0                __malloc_lock
 .text.__malloc_unlock
                0x0010d9ac        0xc C:/devkitPro/devkitARM/bin/../lib/gcc/arm-none-eabi/15.1.0/../../../../arm-none-eabi/lib/armv6k/fpu\libc.a(libc_a-mlock.o)
                0x0010d9ac                __malloc_unlock
 .text.__call_exitprocs
                0x0010d9b8        0x4 C:/devkitPro/devkitARM/bin/../lib/gcc/arm-none-eabi/15.1.0/../../../../arm-none-eabi/lib/armv6k/fpu\libc.a(libc_a-exit.o)
                0x0010d9b8                __call_exitprocs
 .text.exit     0x0010d9bc       0x30 C:/devkitPro/devkitARM/bin/../lib/gcc/arm-none-eabi/15.1.0/../../../../arm-none-eabi/lib/armv6k/fpu\libc.a(libc_a-exit.o)
                0x0010d9bc                exit
 .text.setvbuf  0x0010d9ec      0x294 C:/devkitPro/devkitARM/bin/../lib/gcc/arm-none-eabi/15.1.0/../../../../arm-none-eabi/lib/armv6k/fpu\libc.a(libc_a-setvbuf.o)
                0x0010d9ec                setvbuf
 .text.strncpy  0x0010dc80       0xd4 C:/devkitPro/devkitARM/bin/../lib/gcc/arm-none-eabi/15.1.0/../../../../arm-none-eabi/lib/armv6k/fpu\libc.a(libc_a-strncpy.o)
                0x0010dc80                strncpy
 .text.memcpy   0x0010dd54      0x12c C:/devkitPro/devkitARM/bin/../lib/gcc/arm-none-eabi/15.1.0/../../../../arm-none-eabi/lib/armv6k/fpu\libc.a(libc_a-memcpy-stub.o)
                0x0010dd54                memcpy
 .text.__sread  0x0010de80       0x44 C:/devkitPro/devkitARM/bin/../lib/gcc/arm-none-eabi/15.1.0/../../../../arm-none-eabi/lib/armv6k/fpu\libc.a(libc_a-stdio.o)
                0x0010de80                __sread
 .text.__swrite
                0x0010dec4       0x68 C:/devkitPro/devkitARM/bin/../lib/gcc/arm-none-eabi/15.1.0/../../../../arm-none-eabi/lib/armv6k/fpu\libc.a(libc_a-stdio.o)
                0x0010dec4                __swrite
 .text.__sseek  0x0010df2c       0x40 C:/devkitPro/devkitARM/bin/../lib/gcc/arm-none-eabi/15.1.0/../../../../arm-none-eabi/lib/armv6k/fpu\libc.a(libc_a-stdio.o)
                0x0010df2c                __sseek
 .text.__sclose
                0x0010df6c        0x8 C:/devkitPro/devkitARM/bin/../lib/gcc/arm-none-eabi/15.1.0/../../../../arm-none-eabi/lib/armv6k/fpu\libc.a(libc_a-stdio.o)
                0x0010df6c                __sclose
 .text._raise_r
                0x0010df74       0x9c C:/devkitPro/devkitARM/bin/../lib/gcc/arm-none-eabi/15.1.0/../../../../arm-none-eabi/lib/armv6k/fpu\libc.a(libc_a-signal.o)
                0x0010df74                _raise_r
 .text.raise    0x0010e010       0x20 C:/devkitPro/devkitARM/bin/../lib/gcc/arm-none-eabi/15.1.0/../../../../arm-none-eabi/lib/armv6k/fpu\libc.a(libc_a-signal.o)
                0x0010e010                raise
 .text._fclose_r
                0x0010e030      0x144 C:/devkitPro/devkitARM/bin/../lib/gcc/arm-none-eabi/15.1.0/../../../../arm-none-eabi/lib/armv6k/fpu\libc.a(libc_a-fclose.o)
                0x0010e030                _fclose_r
 .text._memalign_r
                0x0010e174      0x16c C:/devkitPro/devkitARM/bin/../lib/gcc/arm-none-eabi/15.1.0/../../../../arm-none-eabi/lib/armv6k/fpu\libc.a(libc_a-malignr.o)
                0x0010e174                _memalign_r
 .text.get_arg  0x0010e2e0      0x5e0 C:/devkitPro/devkitARM/bin/../lib/gcc/arm-none-eabi/15.1.0/../../../../arm-none-eabi/lib/armv6k/fpu\libc.a(libc_a-vfprintf.o)
 .text._vfprintf_r
                0x0010e8c0     0x3554 C:/devkitPro/devkitARM/bin/../lib/gcc/arm-none-eabi/15.1.0/../../../../arm-none-eabi/lib/armv6k/fpu\libc.a(libc_a-vfprintf.o)
                0x0010e8c0                _vfprintf_r
 .text.__sbprintf
                0x00111e14       0xb4 C:/devkitPro/devkitARM/bin/../lib/gcc/arm-none-eabi/15.1.0/../../../../arm-none-eabi/lib/armv6k/fpu\libc.a(libc_a-vfprintf.o)
 .text.memchr   0x00111ec8       0xe8 C:/devkitPro/devkitARM/bin/../lib/gcc/arm-none-eabi/15.1.0/../../../../arm-none-eabi/lib/armv6k/fpu\libc.a(libc_a-memchr-stub.o)
                0x00111ec8                memchr
 .text.quorem   0x00111fb0      0x1c0 C:/devkitPro/devkitARM/bin/../lib/gcc/arm-none-eabi/15.1.0/../../../../arm-none-eabi/lib/armv6k/fpu\libc.a(libc_a-dtoa.o)
 .text._dtoa_r  0x00112170     0x13f0 C:/devkitPro/devkitARM/bin/../lib/gcc/arm-none-eabi/15.1.0/../../../../arm-none-eabi/lib/armv6k/fpu\libc.a(libc_a-dtoa.o)
                0x00112170                _dtoa_r
 .text._wcrtomb_r
                0x00113560       0xa0 C:/devkitPro/devkitARM/bin/../lib/gcc/arm-none-eabi/15.1.0/../../../../arm-none-eabi/lib/armv6k/fpu\libc.a(libc_a-wcrtomb.o)
                0x00113560                _wcrtomb_r
 .text.__libc_fini_array
                0x00113600       0x3c C:/devkitPro/devkitARM/bin/../lib/gcc/arm-none-eabi/15.1.0/../../../../arm-none-eabi/lib/armv6k/fpu\libc.a(libc_a-fini.o)
                0x00113600                __libc_fini_array
 .text.__smakebuf_r
                0x0011363c      0x164 C:/devkitPro/devkitARM/bin/../lib/gcc/arm-none-eabi/15.1.0/../../../../arm-none-eabi/lib/armv6k/fpu\libc.a(libc_a-makebuf.o)
                0x0011363c                __smakebuf_r
 .text.__swhatbuf_r
                0x001137a0       0x90 C:/devkitPro/devkitARM/bin/../lib/gcc/arm-none-eabi/15.1.0/../../../../arm-none-eabi/lib/armv6k/fpu\libc.a(libc_a-makebuf.o)
                0x001137a0                __swhatbuf_r
 .text._wcsrtombs_r
                0x00113830       0x28 C:/devkitPro/devkitARM/bin/../lib/gcc/arm-none-eabi/15.1.0/../../../../arm-none-eabi/lib/armv6k/fpu\libc.a(libc_a-wcsrtombs.o)
                0x00113830                _wcsrtombs_r
 .text.__swsetup_r
                0x00113858      0x140 C:/devkitPro/devkitARM/bin/../lib/gcc/arm-none-eabi/15.1.0/../../../../arm-none-eabi/lib/armv6k/fpu\libc.a(libc_a-wsetup.o)
                0x00113858                __swsetup_r
 .text.frexp    0x00113998       0x88 C:/devkitPro/devkitARM/bin/../lib/gcc/arm-none-eabi/15.1.0/../../../../arm-none-eabi/lib/armv6k/fpu\libc.a(libm_a-s_frexp.o)
                0x00113998                frexp
 .text.__assert_func
                0x00113a20       0x5c C:/devkitPro/devkitARM/bin/../lib/gcc/arm-none-eabi/15.1.0/../../../../arm-none-eabi/lib/armv6k/fpu\libc.a(libc_a-assert.o)
                0x00113a20                __assert_func
 .text._Balloc  0x00113a7c       0x88 C:/devkitPro/devkitARM/bin/../lib/gcc/arm-none-eabi/15.1.0/../../../../arm-none-eabi/lib/armv6k/fpu\libc.a(libc_a-mprec.o)
                0x00113a7c                _Balloc
 .text._Bfree   0x00113b04       0x1c C:/devkitPro/devkitARM/bin/../lib/gcc/arm-none-eabi/15.1.0/../../../../arm-none-eabi/lib/armv6k/fpu\libc.a(libc_a-mprec.o)
                0x00113b04                _Bfree
 .text.__multadd
                0x00113b20       0xf4 C:/devkitPro/devkitARM/bin/../lib/gcc/arm-none-eabi/15.1.0/../../../../arm-none-eabi/lib/armv6k/fpu\libc.a(libc_a-mprec.o)
                0x00113b20                __multadd
 .text.__hi0bits
                0x00113c14       0x80 C:/devkitPro/devkitARM/bin/../lib/gcc/arm-none-eabi/15.1.0/../../../../arm-none-eabi/lib/armv6k/fpu\libc.a(libc_a-mprec.o)
                0x00113c14                __hi0bits
 .text.__lo0bits
                0x00113c94       0xf0 C:/devkitPro/devkitARM/bin/../lib/gcc/arm-none-eabi/15.1.0/../../../../arm-none-eabi/lib/armv6k/fpu\libc.a(libc_a-mprec.o)
                0x00113c94                __lo0bits
 .text.__i2b    0x00113d84       0xa4 C:/devkitPro/devkitARM/bin/../lib/gcc/arm-none-eabi/15.1.0/../../../../arm-none-eabi/lib/armv6k/fpu\libc.a(libc_a-mprec.o)
                0x00113d84                __i2b
 .text.__multiply
                0x00113e28      0x230 C:/devkitPro/devkitARM/bin/../lib/gcc/arm-none-eabi/15.1.0/../../../../arm-none-eabi/lib/armv6k/fpu\libc.a(libc_a-mprec.o)
                0x00113e28                __multiply
 .text.__pow5mult
                0x00114058      0x130 C:/devkitPro/devkitARM/bin/../lib/gcc/arm-none-eabi/15.1.0/../../../../arm-none-eabi/lib/armv6k/fpu\libc.a(libc_a-mprec.o)
                0x00114058                __pow5mult
 .text.__lshift
                0x00114188      0x138 C:/devkitPro/devkitARM/bin/../lib/gcc/arm-none-eabi/15.1.0/../../../../arm-none-eabi/lib/armv6k/fpu\libc.a(libc_a-mprec.o)
                0x00114188                __lshift
 .text.__mcmp   0x001142c0       0x58 C:/devkitPro/devkitARM/bin/../lib/gcc/arm-none-eabi/15.1.0/../../../../arm-none-eabi/lib/armv6k/fpu\libc.a(libc_a-mprec.o)
                0x001142c0                __mcmp
 .text.__mdiff  0x00114318      0x218 C:/devkitPro/devkitARM/bin/../lib/gcc/arm-none-eabi/15.1.0/../../../../arm-none-eabi/lib/armv6k/fpu\libc.a(libc_a-mprec.o)
                0x00114318                __mdiff
 .text.__d2b    0x00114530      0x120 C:/devkitPro/devkitARM/bin/../lib/gcc/arm-none-eabi/15.1.0/../../../../arm-none-eabi/lib/armv6k/fpu\libc.a(libc_a-mprec.o)
                0x00114530                __d2b
 .text.__locale_mb_cur_max
                0x00114650       0x24 C:/devkitPro/devkitARM/bin/../lib/gcc/arm-none-eabi/15.1.0/../../../../arm-none-eabi/lib/armv6k/fpu\libc.a(libc_a-locale.o)
                0x00114650                __locale_mb_cur_max
 .text.fiprintf
                0x00114674       0x3c C:/devkitPro/devkitARM/bin/../lib/gcc/arm-none-eabi/15.1.0/../../../../arm-none-eabi/lib/armv6k/fpu\libc.a(libc_a-fiprintf.o)
                0x00114674                fiprintf
 .text._wcsnrtombs_l
                0x001146b0      0x15c C:/devkitPro/devkitARM/bin/../lib/gcc/arm-none-eabi/15.1.0/../../../../arm-none-eabi/lib/armv6k/fpu\libc.a(libc_a-wcsnrtombs.o)
                0x001146b0                _wcsnrtombs_l
 .text._wcsnrtombs_r
                0x0011480c       0x64 C:/devkitPro/devkitARM/bin/../lib/gcc/arm-none-eabi/15.1.0/../../../../arm-none-eabi/lib/armv6k/fpu\libc.a(libc_a-wcsnrtombs.o)
                0x0011480c                _wcsnrtombs_r
 .text.__utf8_mbtowc
                0x00114870      0x340 C:/devkitPro/devkitARM/bin/../lib/gcc/arm-none-eabi/15.1.0/../../../../arm-none-eabi/lib/armv6k/fpu\libc.a(libc_a-mbtowc_r.o)
                0x00114870                __utf8_mbtowc
 .text.__sprint_r
                0x00114bb0       0x30 C:/devkitPro/devkitARM/bin/../lib/gcc/arm-none-eabi/15.1.0/../../../../arm-none-eabi/lib/armv6k/fpu\libc.a(libc_a-sprint_r.o)
                0x00114bb0                __sprint_r
 .text._localeconv_r
                0x00114be0       0x24 C:/devkitPro/devkitARM/bin/../lib/gcc/arm-none-eabi/15.1.0/../../../../arm-none-eabi/lib/armv6k/fpu\libc.a(libc_a-localeconv.o)
                0x00114be0                _localeconv_r
 .text._calloc_r
                0x00114c04       0xd8 C:/devkitPro/devkitARM/bin/../lib/gcc/arm-none-eabi/15.1.0/../../../../arm-none-eabi/lib/armv6k/fpu\libc.a(libc_a-callocr.o)
                0x00114c04                _calloc_r
 .text.__utf8_wctomb
                0x00114cdc       0xf8 C:/devkitPro/devkitARM/bin/../lib/gcc/arm-none-eabi/15.1.0/../../../../arm-none-eabi/lib/armv6k/fpu\libc.a(libc_a-wctomb_r.o)
                0x00114cdc                __utf8_wctomb
 .text.__sfvwrite_r
                0x00114dd4      0x4a4 C:/devkitPro/devkitARM/bin/../lib/gcc/arm-none-eabi/15.1.0/../../../../arm-none-eabi/lib/armv6k/fpu\libc.a(libc_a-fvwrite.o)
                0x00114dd4                __sfvwrite_r
 .text.strchr   0x00115278      0x140 C:/devkitPro/devkitARM/bin/../lib/gcc/arm-none-eabi/15.1.0/../../../../arm-none-eabi/lib/armv6k/fpu\libc.a(libc_a-strchr.o)
                0x00115278                strchr
 .text.memmove  0x001153b8      0x16c C:/devkitPro/devkitARM/bin/../lib/gcc/arm-none-eabi/15.1.0/../../../../arm-none-eabi/lib/armv6k/fpu\libc.a(libc_a-memmove.o)
                0x001153b8                memmove
 .text.get_arg  0x00115524      0x5e0 C:/devkitPro/devkitARM/bin/../lib/gcc/arm-none-eabi/15.1.0/../../../../arm-none-eabi/lib/armv6k/fpu\libc.a(libc_a-vfiprintf.o)
 .text._vfiprintf_r
                0x00115b04     0x22f8 C:/devkitPro/devkitARM/bin/../lib/gcc/arm-none-eabi/15.1.0/../../../../arm-none-eabi/lib/armv6k/fpu\libc.a(libc_a-vfiprintf.o)
                0x00115b04                _vfiprintf_r
 .text.__sbprintf
                0x00117dfc       0xb4 C:/devkitPro/devkitARM/bin/../lib/gcc/arm-none-eabi/15.1.0/../../../../arm-none-eabi/lib/armv6k/fpu\libc.a(libc_a-vfiprintf.o)
 .text._realloc_r
                0x00117eb0      0x4f0 C:/devkitPro/devkitARM/bin/../lib/gcc/arm-none-eabi/15.1.0/../../../../arm-none-eabi/lib/armv6k/fpu\libc.a(libc_a-reallocr.o)
                0x00117eb0                _realloc_r
 .text._exit    0x001183a0       0x20 C:/devkitPro/devkitARM/bin/../lib/gcc/arm-none-eabi/15.1.0/../../../../arm-none-eabi/lib/armv6k/fpu\libsysbase.a(libsysbase_libsysbase_a-_exit.o)
                0x001183a0                _exit
 .text.chdir    0x001183c0      0x140 C:/devkitPro/devkitARM/bin/../lib/gcc/arm-none-eabi/15.1.0/../../../../arm-none-eabi/lib/armv6k/fpu\libsysbase.a(libsysbase_libsysbase_a-chdir.o)
                0x001183c0                chdir
 .text._concatenate_path
                0x00118500      0x1c8 C:/devkitPro/devkitARM/bin/../lib/gcc/arm-none-eabi/15.1.0/../../../../arm-none-eabi/lib/armv6k/fpu\libsysbase.a(libsysbase_libsysbase_a-concatenate.o)
                0x00118500                _concatenate_path
 .text._fstat_r
                0x001186c8       0x9c C:/devkitPro/devkitARM/bin/../lib/gcc/arm-none-eabi/15.1.0/../../../../arm-none-eabi/lib/armv6k/fpu\libsysbase.a(libsysbase_libsysbase_a-fstat.o)
                0x001186c8                _fstat_r
 .text._getpid_r
                0x00118764       0x14 C:/devkitPro/devkitARM/bin/../lib/gcc/arm-none-eabi/15.1.0/../../../../arm-none-eabi/lib/armv6k/fpu\libsysbase.a(libsysbase_libsysbase_a-getpid.o)
                0x00118764                _getpid_r
 .text.__getreent
                0x00118778       0x2c C:/devkitPro/devkitARM/bin/../lib/gcc/arm-none-eabi/15.1.0/../../../../arm-none-eabi/lib/armv6k/fpu\libsysbase.a(libsysbase_libsysbase_a-getreent.o)
                0x00118778                __getreent
 .text.__get_handle
                0x001187a4       0x58 C:/devkitPro/devkitARM/bin/../lib/gcc/arm-none-eabi/15.1.0/../../../../arm-none-eabi/lib/armv6k/fpu\libsysbase.a(libsysbase_libsysbase_a-handle_manager.o)
                0x001187a4                __get_handle
 .text._close_r
                0x001187fc      0x110 C:/devkitPro/devkitARM/bin/../lib/gcc/arm-none-eabi/15.1.0/../../../../arm-none-eabi/lib/armv6k/fpu\libsysbase.a(libsysbase_libsysbase_a-handle_manager.o)
                0x001187fc                _close_r
 .text.null_write
                0x0011890c        0x8 C:/devkitPro/devkitARM/bin/../lib/gcc/arm-none-eabi/15.1.0/../../../../arm-none-eabi/lib/armv6k/fpu\libsysbase.a(libsysbase_libsysbase_a-iosupport.o)
 .text.setDefaultDevice
                0x00118914       0x18 C:/devkitPro/devkitARM/bin/../lib/gcc/arm-none-eabi/15.1.0/../../../../arm-none-eabi/lib/armv6k/fpu\libsysbase.a(libsysbase_libsysbase_a-iosupport.o)
                0x00118914                setDefaultDevice
 .text.FindDevice
                0x0011892c       0xc4 C:/devkitPro/devkitARM/bin/../lib/gcc/arm-none-eabi/15.1.0/../../../../arm-none-eabi/lib/armv6k/fpu\libsysbase.a(libsysbase_libsysbase_a-iosupport.o)
                0x0011892c                FindDevice
 .text.RemoveDevice
                0x001189f0       0x28 C:/devkitPro/devkitARM/bin/../lib/gcc/arm-none-eabi/15.1.0/../../../../arm-none-eabi/lib/armv6k/fpu\libsysbase.a(libsysbase_libsysbase_a-iosupport.o)
                0x001189f0                RemoveDevice
 .text.AddDevice
                0x00118a18       0x98 C:/devkitPro/devkitARM/bin/../lib/gcc/arm-none-eabi/15.1.0/../../../../arm-none-eabi/lib/armv6k/fpu\libsysbase.a(libsysbase_libsysbase_a-iosupport.o)
                0x00118a18                AddDevice
 .text.GetDeviceOpTab
                0x00118ab0       0x20 C:/devkitPro/devkitARM/bin/../lib/gcc/arm-none-eabi/15.1.0/../../../../arm-none-eabi/lib/armv6k/fpu\libsysbase.a(libsysbase_libsysbase_a-iosupport.o)
                0x00118ab0                GetDeviceOpTab
 .text._isatty_r
                0x00118ad0        0x8 C:/devkitPro/devkitARM/bin/../lib/gcc/arm-none-eabi/15.1.0/../../../../arm-none-eabi/lib/armv6k/fpu\libsysbase.a(libsysbase_libsysbase_a-isatty.o)
                0x00118ad0                _isatty_r
 .text._kill_r  0x00118ad8       0x14 C:/devkitPro/devkitARM/bin/../lib/gcc/arm-none-eabi/15.1.0/../../../../arm-none-eabi/lib/armv6k/fpu\libsysbase.a(libsysbase_libsysbase_a-kill.o)
                0x00118ad8                _kill_r
 .text._lseek_r
                0x00118aec       0x94 C:/devkitPro/devkitARM/bin/../lib/gcc/arm-none-eabi/15.1.0/../../../../arm-none-eabi/lib/armv6k/fpu\libsysbase.a(libsysbase_libsysbase_a-lseek.o)
                0x00118aec                _lseek_r
 .text._read_r  0x00118b80       0x94 C:/devkitPro/devkitARM/bin/../lib/gcc/arm-none-eabi/15.1.0/../../../../arm-none-eabi/lib/armv6k/fpu\libsysbase.a(libsysbase_libsysbase_a-read.o)
                0x00118b80                _read_r
 .text._sbrk_r  0x00118c14       0x78 C:/devkitPro/devkitARM/bin/../lib/gcc/arm-none-eabi/15.1.0/../../../../arm-none-eabi/lib/armv6k/fpu\libsysbase.a(libsysbase_libsysbase_a-sbrk.o)
                0x00118c14                _sbrk_r
 .text.__libc_lock_acquire
                0x00118c8c       0x1c C:/devkitPro/devkitARM/bin/../lib/gcc/arm-none-eabi/15.1.0/../../../../arm-none-eabi/lib/armv6k/fpu\libsysbase.a(libsysbase_libsysbase_a-syscall_support.o)
                0x00118c8c                __libc_lock_acquire
 .text.__libc_lock_release
                0x00118ca8       0x1c C:/devkitPro/devkitARM/bin/../lib/gcc/arm-none-eabi/15.1.0/../../../../arm-none-eabi/lib/armv6k/fpu\libsysbase.a(libsysbase_libsysbase_a-syscall_support.o)
                0x00118ca8                __libc_lock_release
 .text.__libc_lock_acquire_recursive
                0x00118cc4       0x1c C:/devkitPro/devkitARM/bin/../lib/gcc/arm-none-eabi/15.1.0/../../../../arm-none-eabi/lib/armv6k/fpu\libsysbase.a(libsysbase_libsysbase_a-syscall_support.o)
                0x00118cc4                __libc_lock_acquire_recursive
 .text.__libc_lock_release_recursive
                0x00118ce0       0x1c C:/devkitPro/devkitARM/bin/../lib/gcc/arm-none-eabi/15.1.0/../../../../arm-none-eabi/lib/armv6k/fpu\libsysbase.a(libsysbase_libsysbase_a-syscall_support.o)
                0x00118ce0                __libc_lock_release_recursive
 .text._write_r
                0x00118cfc       0x94 C:/devkitPro/devkitARM/bin/../lib/gcc/arm-none-eabi/15.1.0/../../../../arm-none-eabi/lib/armv6k/fpu\libsysbase.a(libsysbase_libsysbase_a-write.o)
                0x00118cfc                _write_r
 .text.strrchr  0x00118d90       0x48 C:/devkitPro/devkitARM/bin/../lib/gcc/arm-none-eabi/15.1.0/../../../../arm-none-eabi/lib/armv6k/fpu\libc.a(libc_a-strrchr.o)
                0x00118d90                strrchr
 *(.glue_7)
 .glue_7        0x00118dd8        0x0 linker stubs
 *(.glue_7t)
 .glue_7t       0x00118dd8        0x0 linker stubs
 *(.stub)
 *(.gnu.warning)
 *(.gnu.linkonce.t*)
                0x00118dd8                        . = ALIGN (0x4)
 *(.fini)
 .fini          0x00118dd8        0xc C:/devkitPro/devkitARM/bin/../lib/gcc/arm-none-eabi/15.1.0/armv6k/fpu/crti.o
                0x00118dd8                _fini
 .fini          0x00118de4        0xc C:/devkitPro/devkitARM/bin/../lib/gcc/arm-none-eabi/15.1.0/armv6k/fpu/crtn.o
                0x00118df0                        . = ALIGN (0x4)

.vfp11_veneer   0x00118df0        0x0
 .vfp11_veneer  0x00118df0        0x0 linker stubs

.v4_bx          0x00118df0        0x0
 .v4_bx         0x00118df0        0x0 linker stubs

.iplt           0x00118df0        0x0
 .iplt          0x00118df0        0x0 C:/devkitPro/devkitARM/bin/../lib/gcc/arm-none-eabi/15.1.0/../../../../arm-none-eabi/lib/armv6k/fpu/3dsx_crt0.o
                0x00119000                        . = ALIGN (0x1000)

.rodata         0x00119000     0x1410
 *(.rodata)
 .rodata        0x00119000        0xc C:/devkitPro/libctru/lib\libctru.a(archive_dev.o)
 *(.roda)
 *(.rodata.*)
 .rodata.str1.4
                0x0011900c      0x208 main.o
                                 0x36 (size before relaxing)
 .rodata.archive_utf16path.str1.4
                0x00119214        0x2 C:/devkitPro/libctru/lib\libctru.a(archive_dev.o)
 .rodata._archiveUnmountDeviceStruct.part.0.str1.4
                0x00119214        0x2 C:/devkitPro/libctru/lib\libctru.a(archive_dev.o)
 .rodata._archiveMountDevice.str1.4
                0x00119214        0xc C:/devkitPro/libctru/lib\libctru.a(archive_dev.o)
 .rodata.archiveMountSdmc.str1.4
                0x00119214        0x5 C:/devkitPro/libctru/lib\libctru.a(archive_dev.o)
 .rodata.error_table
                0x00119214       0x30 C:/devkitPro/libctru/lib\libctru.a(archive_dev.o)
 .rodata.str1.4
                0x00119244        0x8 C:/devkitPro/libctru/lib\libctru.a(archive_dev.o)
 .rodata.archive_devoptab
                0x00119244       0x80 C:/devkitPro/libctru/lib\libctru.a(archive_dev.o)
 .rodata.consolePrintChar
                0x001192c4        0x6 C:/devkitPro/libctru/lib\libctru.a(console.o)
 .rodata.con_write
                0x001192ca      0x164 C:/devkitPro/libctru/lib\libctru.a(console.o)
 .rodata.str1.4
                0x0011942e       0x10 C:/devkitPro/libctru/lib\libctru.a(console.o)
 *fill*         0x0011942e        0x2 
 .rodata.dotab_stdout
                0x00119430       0x80 C:/devkitPro/libctru/lib\libctru.a(console.o)
 .rodata.grayScale
                0x001194b0       0x18 C:/devkitPro/libctru/lib\libctru.a(console.o)
 .rodata.colorCube
                0x001194c8        0x6 C:/devkitPro/libctru/lib\libctru.a(console.o)
 *fill*         0x001194ce        0x2 
 .rodata.colorTable
                0x001194d0       0x30 C:/devkitPro/libctru/lib\libctru.a(console.o)
 .rodata.aptEventHandler
                0x00119500        0xb C:/devkitPro/libctru/lib\libctru.a(apt.o)
 .rodata.aptWaitForWakeUp.isra.0
                0x0011950b       0x11 C:/devkitPro/libctru/lib\libctru.a(apt.o)
 .rodata.morton_y.2
                0x0011951c        0x8 C:/devkitPro/libctru/lib\libctru.a(apt.o)
 .rodata.morton_x.3
                0x00119524        0x8 C:/devkitPro/libctru/lib\libctru.a(apt.o)
 .rodata.s_sleepWakeEvents.4
                0x0011952c        0x8 C:/devkitPro/libctru/lib\libctru.a(apt.o)
 .rodata.str1.4
                0x00119534       0x16 C:/devkitPro/libctru/lib\libctru.a(apt.o)
 .rodata.serviceNameTable.5
                0x00119534        0xc C:/devkitPro/libctru/lib\libctru.a(apt.o)
 .rodata.fsInit.str1.4
                0x00119540        0x8 C:/devkitPro/libctru/lib\libctru.a(fs.o)
 .rodata.fsMakePath.str1.4
                0x00119540        0x1 C:/devkitPro/libctru/lib\libctru.a(fs.o)
 .rodata.gspInit.str1.4
                0x00119540        0x9 C:/devkitPro/libctru/lib\libctru.a(gspgpu.o)
 .rodata.hidInit.str1.4
                0x00119540       0x15 C:/devkitPro/libctru/lib\libctru.a(hid.o)
 .rodata.irrstInit.str1.4
                0x00119540        0x7 C:/devkitPro/libctru/lib\libctru.a(irrst.o)
 .rodata.__system_initArgv.str1.4
                0x00119540        0xa C:/devkitPro/libctru/lib\libctru.a(initArgv.o)
 .rodata.default_font_bin
                0x00119540      0x800 C:/devkitPro/libctru/lib\libctru.a(default_font.bin.o)
                0x00119540                default_font_bin
                0x00119d40                default_font_bin_end
 .rodata.srvInit.str1.4
                0x00119d40        0x5 C:/devkitPro/libctru/lib\libctru.a(srv.o)
 .rodata.ptmSysmInit.str1.4
                0x00119d40        0x9 C:/devkitPro/libctru/lib\libctru.a(ptmsysm.o)
 .rodata._Unwind_VRS_Get
                0x00119d40        0x6 C:/devkitPro/devkitARM/bin/../lib/gcc/arm-none-eabi/15.1.0/armv6k/fpu\libgcc.a(unwind-arm.o)
 .rodata._Unwind_VRS_Set
                0x00119d46        0x6 C:/devkitPro/devkitARM/bin/../lib/gcc/arm-none-eabi/15.1.0/armv6k/fpu\libgcc.a(unwind-arm.o)
 .rodata._Unwind_VRS_Pop
                0x00119d4c        0x6 C:/devkitPro/devkitARM/bin/../lib/gcc/arm-none-eabi/15.1.0/armv6k/fpu\libgcc.a(unwind-arm.o)
 .rodata.__gnu_unwind_execute
                0x00119d52        0x5 C:/devkitPro/devkitARM/bin/../lib/gcc/arm-none-eabi/15.1.0/armv6k/fpu\libgcc.a(pr-support.o)
 *fill*         0x00119d57        0x1 
 .rodata._ctype_
                0x00119d58      0x101 C:/devkitPro/devkitARM/bin/../lib/gcc/arm-none-eabi/15.1.0/../../../../arm-none-eabi/lib/armv6k/fpu\libc.a(libc_a-ctype_.o)
                0x00119d58                _ctype_
 *fill*         0x00119e59        0x1 
 .rodata.get_arg
                0x00119e5a       0x34 C:/devkitPro/devkitARM/bin/../lib/gcc/arm-none-eabi/15.1.0/../../../../arm-none-eabi/lib/armv6k/fpu\libc.a(libc_a-vfprintf.o)
 .rodata._vfprintf_r.str1.1
                0x00119e8e       0x3b C:/devkitPro/devkitARM/bin/../lib/gcc/arm-none-eabi/15.1.0/../../../../arm-none-eabi/lib/armv6k/fpu\libc.a(libc_a-vfprintf.o)
 *fill*         0x00119ec9        0x1 
 .rodata._vfprintf_r
                0x00119eca       0xb6 C:/devkitPro/devkitARM/bin/../lib/gcc/arm-none-eabi/15.1.0/../../../../arm-none-eabi/lib/armv6k/fpu\libc.a(libc_a-vfprintf.o)
 .rodata.zeroes.0
                0x00119f80       0x10 C:/devkitPro/devkitARM/bin/../lib/gcc/arm-none-eabi/15.1.0/../../../../arm-none-eabi/lib/armv6k/fpu\libc.a(libc_a-vfprintf.o)
 .rodata.blanks.1
                0x00119f90       0x10 C:/devkitPro/devkitARM/bin/../lib/gcc/arm-none-eabi/15.1.0/../../../../arm-none-eabi/lib/armv6k/fpu\libc.a(libc_a-vfprintf.o)
 .rodata._dtoa_r.str1.4
                0x00119fa0       0x6a C:/devkitPro/devkitARM/bin/../lib/gcc/arm-none-eabi/15.1.0/../../../../arm-none-eabi/lib/armv6k/fpu\libc.a(libc_a-dtoa.o)
 .rodata._dtoa_r
                0x00119fa0        0x8 C:/devkitPro/devkitARM/bin/../lib/gcc/arm-none-eabi/15.1.0/../../../../arm-none-eabi/lib/armv6k/fpu\libc.a(libc_a-dtoa.o)
 .rodata.__action_table
                0x00119fa8       0x6c C:/devkitPro/devkitARM/bin/../lib/gcc/arm-none-eabi/15.1.0/../../../../arm-none-eabi/lib/armv6k/fpu\libc.a(libc_a-svfiprintf.o)
                0x00119fa8                __action_table
 .rodata.__state_table
                0x0011a014       0x6c C:/devkitPro/devkitARM/bin/../lib/gcc/arm-none-eabi/15.1.0/../../../../arm-none-eabi/lib/armv6k/fpu\libc.a(libc_a-svfiprintf.o)
                0x0011a014                __state_table
 .rodata.__chclass
                0x0011a080      0x100 C:/devkitPro/devkitARM/bin/../lib/gcc/arm-none-eabi/15.1.0/../../../../arm-none-eabi/lib/armv6k/fpu\libc.a(libc_a-svfiprintf.o)
                0x0011a080                __chclass
 .rodata.__assert_func.str1.4
                0x0011a180       0x43 C:/devkitPro/devkitARM/bin/../lib/gcc/arm-none-eabi/15.1.0/../../../../arm-none-eabi/lib/armv6k/fpu\libc.a(libc_a-assert.o)
 .rodata.__multadd.str1.4
                0x0011a180       0x57 C:/devkitPro/devkitARM/bin/../lib/gcc/arm-none-eabi/15.1.0/../../../../arm-none-eabi/lib/armv6k/fpu\libc.a(libc_a-mprec.o)
 .rodata.p05.0  0x0011a180        0xc C:/devkitPro/devkitARM/bin/../lib/gcc/arm-none-eabi/15.1.0/../../../../arm-none-eabi/lib/armv6k/fpu\libc.a(libc_a-mprec.o)
 *fill*         0x0011a18c        0x4 
 .rodata.__mprec_bigtens
                0x0011a190       0x28 C:/devkitPro/devkitARM/bin/../lib/gcc/arm-none-eabi/15.1.0/../../../../arm-none-eabi/lib/armv6k/fpu\libc.a(libc_a-mprec.o)
                0x0011a190                __mprec_bigtens
 .rodata.__mprec_tens
                0x0011a1b8       0xc8 C:/devkitPro/devkitARM/bin/../lib/gcc/arm-none-eabi/15.1.0/../../../../arm-none-eabi/lib/armv6k/fpu\libc.a(libc_a-mprec.o)
                0x0011a1b8                __mprec_tens
 .rodata.str1.4
                0x0011a280       0x4c C:/devkitPro/devkitARM/bin/../lib/gcc/arm-none-eabi/15.1.0/../../../../arm-none-eabi/lib/armv6k/fpu\libc.a(libc_a-locale.o)
 .rodata.get_arg
                0x0011a280       0x34 C:/devkitPro/devkitARM/bin/../lib/gcc/arm-none-eabi/15.1.0/../../../../arm-none-eabi/lib/armv6k/fpu\libc.a(libc_a-vfiprintf.o)
 .rodata._vfiprintf_r.str1.1
                0x0011a2b4       0x29 C:/devkitPro/devkitARM/bin/../lib/gcc/arm-none-eabi/15.1.0/../../../../arm-none-eabi/lib/armv6k/fpu\libc.a(libc_a-vfiprintf.o)
 .rodata._vfiprintf_r
                0x0011a2b4       0xb6 C:/devkitPro/devkitARM/bin/../lib/gcc/arm-none-eabi/15.1.0/../../../../arm-none-eabi/lib/armv6k/fpu\libc.a(libc_a-vfiprintf.o)
 *fill*         0x0011a36a        0x2 
 .rodata.zeroes.0
                0x0011a36c       0x10 C:/devkitPro/devkitARM/bin/../lib/gcc/arm-none-eabi/15.1.0/../../../../arm-none-eabi/lib/armv6k/fpu\libc.a(libc_a-vfiprintf.o)
 .rodata.blanks.1
                0x0011a37c       0x10 C:/devkitPro/devkitARM/bin/../lib/gcc/arm-none-eabi/15.1.0/../../../../arm-none-eabi/lib/armv6k/fpu\libc.a(libc_a-vfiprintf.o)
 .rodata.AddDevice.str1.4
                0x0011a38c        0x8 C:/devkitPro/devkitARM/bin/../lib/gcc/arm-none-eabi/15.1.0/../../../../arm-none-eabi/lib/armv6k/fpu\libsysbase.a(libsysbase_libsysbase_a-iosupport.o)
 .rodata.dotab_stdnull
                0x0011a38c       0x80 C:/devkitPro/devkitARM/bin/../lib/gcc/arm-none-eabi/15.1.0/../../../../arm-none-eabi/lib/armv6k/fpu\libsysbase.a(libsysbase_libsysbase_a-iosupport.o)
                0x0011a38c                dotab_stdnull
 *all.rodata*(*)
 *(.gnu.linkonce.r*)
                0x0011a40c                        . = ALIGN (0x4)
                0x0011a40c                        __tdata_align = .
                0x0011a40c        0x4 LONG 0x4 ALIGNOF (.tdata)
                0x0011a410                        . = ALIGN (0x4)

.eh_frame       0x0011a410        0x0
 .eh_frame      0x0011a410        0x0 C:/devkitPro/devkitARM/bin/../lib/gcc/arm-none-eabi/15.1.0/armv6k/fpu/crtbegin.o

.ARM.extab
 *(.ARM.extab* .gnu.linkonce.armextab.*)
                0x0011a410                        __exidx_start = .

.ARM.exidx      0x0011a410       0x90
 *(.ARM.exidx* .gnu.linkonce.armexidx.*)
 .ARM.exidx.text.startup.main
                0x0011a410       0x10 main.o
                                  0x8 (size before relaxing)
 .ARM.exidx.text.selfrel_offset31
                0x0011a420        0x0 C:/devkitPro/devkitARM/bin/../lib/gcc/arm-none-eabi/15.1.0/armv6k/fpu\libgcc.a(unwind-arm.o)
                                  0x8 (size before relaxing)
 .ARM.exidx.text.search_EIT_table
                0x0011a420        0x0 C:/devkitPro/devkitARM/bin/../lib/gcc/arm-none-eabi/15.1.0/armv6k/fpu\libgcc.a(unwind-arm.o)
                                  0x8 (size before relaxing)
 .ARM.exidx.text.__gnu_unwind_get_pr_addr
                0x0011a420        0x0 C:/devkitPro/devkitARM/bin/../lib/gcc/arm-none-eabi/15.1.0/armv6k/fpu\libgcc.a(unwind-arm.o)
                                  0x8 (size before relaxing)
 .ARM.exidx.text.get_eit_entry
                0x0011a420        0x8 C:/devkitPro/devkitARM/bin/../lib/gcc/arm-none-eabi/15.1.0/armv6k/fpu\libgcc.a(unwind-arm.o)
 .ARM.exidx.text.restore_non_core_regs
                0x0011a428        0x8 C:/devkitPro/devkitARM/bin/../lib/gcc/arm-none-eabi/15.1.0/armv6k/fpu\libgcc.a(unwind-arm.o)
 .ARM.exidx.text._Unwind_decode_typeinfo_ptr.constprop.0
                0x0011a430        0x8 C:/devkitPro/devkitARM/bin/../lib/gcc/arm-none-eabi/15.1.0/armv6k/fpu\libgcc.a(unwind-arm.o)
 .ARM.exidx.text._Unwind_DebugHook
                0x0011a438        0x0 C:/devkitPro/devkitARM/bin/../lib/gcc/arm-none-eabi/15.1.0/armv6k/fpu\libgcc.a(unwind-arm.o)
                                  0x8 (size before relaxing)
 .ARM.exidx.text.unwind_phase2
                0x0011a438        0x8 C:/devkitPro/devkitARM/bin/../lib/gcc/arm-none-eabi/15.1.0/armv6k/fpu\libgcc.a(unwind-arm.o)
 .ARM.exidx.text.unwind_phase2_forced
                0x0011a440        0x8 C:/devkitPro/devkitARM/bin/../lib/gcc/arm-none-eabi/15.1.0/armv6k/fpu\libgcc.a(unwind-arm.o)
 .ARM.exidx.text.__gnu_Unwind_RaiseException
                0x0011a448        0x8 C:/devkitPro/devkitARM/bin/../lib/gcc/arm-none-eabi/15.1.0/armv6k/fpu\libgcc.a(unwind-arm.o)
 .ARM.exidx.text.__gnu_Unwind_ForcedUnwind
                0x0011a450        0x8 C:/devkitPro/devkitARM/bin/../lib/gcc/arm-none-eabi/15.1.0/armv6k/fpu\libgcc.a(unwind-arm.o)
 .ARM.exidx.text.__gnu_Unwind_Resume
                0x0011a458        0x8 C:/devkitPro/devkitARM/bin/../lib/gcc/arm-none-eabi/15.1.0/armv6k/fpu\libgcc.a(unwind-arm.o)
 .ARM.exidx.text.__gnu_Unwind_Resume_or_Rethrow
                0x0011a460        0x8 C:/devkitPro/devkitARM/bin/../lib/gcc/arm-none-eabi/15.1.0/armv6k/fpu\libgcc.a(unwind-arm.o)
 .ARM.exidx.text._Unwind_VRS_Get
                0x0011a468        0x0 C:/devkitPro/devkitARM/bin/../lib/gcc/arm-none-eabi/15.1.0/armv6k/fpu\libgcc.a(unwind-arm.o)
                                  0x8 (size before relaxing)
 .ARM.exidx.text._Unwind_GetGR
                0x0011a468        0x0 C:/devkitPro/devkitARM/bin/../lib/gcc/arm-none-eabi/15.1.0/armv6k/fpu\libgcc.a(unwind-arm.o)
                                  0x8 (size before relaxing)
 .ARM.exidx.text._Unwind_VRS_Set
                0x0011a468        0x0 C:/devkitPro/devkitARM/bin/../lib/gcc/arm-none-eabi/15.1.0/armv6k/fpu\libgcc.a(unwind-arm.o)
                                  0x8 (size before relaxing)
 .ARM.exidx.text._Unwind_SetGR
                0x0011a468        0x0 C:/devkitPro/devkitARM/bin/../lib/gcc/arm-none-eabi/15.1.0/armv6k/fpu\libgcc.a(unwind-arm.o)
                                  0x8 (size before relaxing)
 .ARM.exidx.text.__gnu_Unwind_Backtrace
                0x0011a468        0x8 C:/devkitPro/devkitARM/bin/../lib/gcc/arm-none-eabi/15.1.0/armv6k/fpu\libgcc.a(unwind-arm.o)
 .ARM.exidx.text.__gnu_unwind_pr_common
                0x0011a470        0x8 C:/devkitPro/devkitARM/bin/../lib/gcc/arm-none-eabi/15.1.0/armv6k/fpu\libgcc.a(unwind-arm.o)
 .ARM.exidx.text.__aeabi_unwind_cpp_pr0
                0x0011a478        0x8 C:/devkitPro/devkitARM/bin/../lib/gcc/arm-none-eabi/15.1.0/armv6k/fpu\libgcc.a(unwind-arm.o)
 .ARM.exidx.text.__aeabi_unwind_cpp_pr1
                0x0011a480        0x0 C:/devkitPro/devkitARM/bin/../lib/gcc/arm-none-eabi/15.1.0/armv6k/fpu\libgcc.a(unwind-arm.o)
                                  0x8 (size before relaxing)
 .ARM.exidx.text.__aeabi_unwind_cpp_pr2
                0x0011a480        0x0 C:/devkitPro/devkitARM/bin/../lib/gcc/arm-none-eabi/15.1.0/armv6k/fpu\libgcc.a(unwind-arm.o)
                                  0x8 (size before relaxing)
 .ARM.exidx.text._Unwind_VRS_Pop
                0x0011a480        0x8 C:/devkitPro/devkitARM/bin/../lib/gcc/arm-none-eabi/15.1.0/armv6k/fpu\libgcc.a(unwind-arm.o)
 .ARM.exidx.text.next_unwind_byte
                0x0011a488        0x8 C:/devkitPro/devkitARM/bin/../lib/gcc/arm-none-eabi/15.1.0/armv6k/fpu\libgcc.a(pr-support.o)
 .ARM.exidx.text.__gnu_unwind_execute
                0x0011a490       0x10 C:/devkitPro/devkitARM/bin/../lib/gcc/arm-none-eabi/15.1.0/armv6k/fpu\libgcc.a(pr-support.o)
                                  0x8 (size before relaxing)
                0x0011a4a0                        __exidx_end = .

.rel.dyn        0x0011a4a0        0x0
 .rel.iplt      0x0011a4a0        0x0 C:/devkitPro/devkitARM/bin/../lib/gcc/arm-none-eabi/15.1.0/../../../../arm-none-eabi/lib/armv6k/fpu/3dsx_crt0.o
 .rel.got       0x0011a4a0        0x0 C:/devkitPro/devkitARM/bin/../lib/gcc/arm-none-eabi/15.1.0/../../../../arm-none-eabi/lib/armv6k/fpu/3dsx_crt0.o
                0x0011b000                        . = ALIGN (0x1000)

.data           0x0011b000     0x1bec
 *(.data)
 *(.data.*)
 .data.firstConsoleInit.0
                0x0011b000        0x1 C:/devkitPro/libctru/lib\libctru.a(console.o)
 *fill*         0x0011b001        0x3 
 .data.currentConsole
                0x0011b004        0x4 C:/devkitPro/libctru/lib\libctru.a(console.o)
                0x0011b004                currentConsole
 .data.defaultConsole
                0x0011b008       0x48 C:/devkitPro/libctru/lib\libctru.a(console.o)
                0x0011b008                defaultConsole
 .data.aptChainloadDeliverArgSize
                0x0011b050        0x4 C:/devkitPro/libctru/lib\libctru.a(apt.o)
 .data.kCount   0x0011b054        0x4 C:/devkitPro/libctru/lib\libctru.a(hid.o)
 .data.kInterval
                0x0011b058        0x4 C:/devkitPro/libctru/lib\libctru.a(hid.o)
 .data.kDelay   0x0011b05c        0x4 C:/devkitPro/libctru/lib\libctru.a(hid.o)
 .data.__stacksize__
                0x0011b060        0x4 C:/devkitPro/libctru/lib\libctru.a(stack_adjust.o)
                0x0011b060                __stacksize__
 .data.__sglue  0x0011b064        0xc C:/devkitPro/devkitARM/bin/../lib/gcc/arm-none-eabi/15.1.0/../../../../arm-none-eabi/lib/armv6k/fpu\libc.a(libc_a-findfp.o)
                0x0011b064                __sglue
 .data.__malloc_sbrk_base
                0x0011b070        0x4 C:/devkitPro/devkitARM/bin/../lib/gcc/arm-none-eabi/15.1.0/../../../../arm-none-eabi/lib/armv6k/fpu\libc.a(libc_a-mallocr.o)
                0x0011b070                __malloc_sbrk_base
 .data.__malloc_trim_threshold
                0x0011b074        0x4 C:/devkitPro/devkitARM/bin/../lib/gcc/arm-none-eabi/15.1.0/../../../../arm-none-eabi/lib/armv6k/fpu\libc.a(libc_a-mallocr.o)
                0x0011b074                __malloc_trim_threshold
 .data.__malloc_av_
                0x0011b078      0x408 C:/devkitPro/devkitARM/bin/../lib/gcc/arm-none-eabi/15.1.0/../../../../arm-none-eabi/lib/armv6k/fpu\libc.a(libc_a-mallocr.o)
                0x0011b078                __malloc_av_
 .data._impure_ptr
                0x0011b480        0x4 C:/devkitPro/devkitARM/bin/../lib/gcc/arm-none-eabi/15.1.0/../../../../arm-none-eabi/lib/armv6k/fpu\libc.a(libc_a-impure.o)
                0x0011b480                _impure_ptr
 *fill*         0x0011b484        0x4 
 .data._impure_data
                0x0011b488      0x140 C:/devkitPro/devkitARM/bin/../lib/gcc/arm-none-eabi/15.1.0/../../../../arm-none-eabi/lib/armv6k/fpu\libc.a(libc_a-impure.o)
                0x0011b488                _impure_data
 .data.__global_locale
                0x0011b5c8      0x16c C:/devkitPro/devkitARM/bin/../lib/gcc/arm-none-eabi/15.1.0/../../../../arm-none-eabi/lib/armv6k/fpu\libc.a(libc_a-locale.o)
                0x0011b5c8                __global_locale
 .data._current_working_directory
                0x0011b734      0x400 C:/devkitPro/devkitARM/bin/../lib/gcc/arm-none-eabi/15.1.0/../../../../arm-none-eabi/lib/armv6k/fpu\libsysbase.a(libsysbase_libsysbase_a-chdir.o)
 *fill*         0x0011bb34        0x4 
 .data.handles  0x0011bb38     0x1000 C:/devkitPro/devkitARM/bin/../lib/gcc/arm-none-eabi/15.1.0/../../../../arm-none-eabi/lib/armv6k/fpu\libsysbase.a(libsysbase_libsysbase_a-handle_manager.o)
 .data.__stderr_handle
                0x0011cb38        0xc C:/devkitPro/devkitARM/bin/../lib/gcc/arm-none-eabi/15.1.0/../../../../arm-none-eabi/lib/armv6k/fpu\libsysbase.a(libsysbase_libsysbase_a-handle_manager.o)
 .data.__stdout_handle
                0x0011cb44        0xc C:/devkitPro/devkitARM/bin/../lib/gcc/arm-none-eabi/15.1.0/../../../../arm-none-eabi/lib/armv6k/fpu\libsysbase.a(libsysbase_libsysbase_a-handle_manager.o)
 .data.__stdin_handle
                0x0011cb50        0xc C:/devkitPro/devkitARM/bin/../lib/gcc/arm-none-eabi/15.1.0/../../../../arm-none-eabi/lib/armv6k/fpu\libsysbase.a(libsysbase_libsysbase_a-handle_manager.o)
 .data.devoptab_list
                0x0011cb5c       0x8c C:/devkitPro/devkitARM/bin/../lib/gcc/arm-none-eabi/15.1.0/../../../../arm-none-eabi/lib/armv6k/fpu\libsysbase.a(libsysbase_libsysbase_a-iosupport.o)
                0x0011cb5c                devoptab_list
 .data.defaultDevice
                0x0011cbe8        0x4 C:/devkitPro/devkitARM/bin/../lib/gcc/arm-none-eabi/15.1.0/../../../../arm-none-eabi/lib/armv6k/fpu\libsysbase.a(libsysbase_libsysbase_a-iosupport.o)
 *(.gnu.linkonce.d*)
                0x0011cbec                        . = ALIGN (0x4)

.igot.plt       0x0011cbec        0x0
 .igot.plt      0x0011cbec        0x0 C:/devkitPro/devkitARM/bin/../lib/gcc/arm-none-eabi/15.1.0/../../../../arm-none-eabi/lib/armv6k/fpu/3dsx_crt0.o

.got            0x0011cbec        0x8
 .got           0x0011cbec        0x8 C:/devkitPro/devkitARM/bin/../lib/gcc/arm-none-eabi/15.1.0/../../../../arm-none-eabi/lib/armv6k/fpu/3dsx_crt0.o

.got.plt        0x0011cbf4        0xc
 .got.plt       0x0011cbf4        0xc C:/devkitPro/devkitARM/bin/../lib/gcc/arm-none-eabi/15.1.0/../../../../arm-none-eabi/lib/armv6k/fpu/3dsx_crt0.o
                0x0011cbf4                _GLOBAL_OFFSET_TABLE_

.tdata          0x0011cc00        0x0
                0x0011cc00                        __tdata_lma = .
 *(.tdata)
 *(.tdata.*)
 *(.gnu.linkonce.td.*)
                0x0011cc00                        . = ALIGN (0x4)
                0x0011cc00                        __tdata_lma_end = .

.tbss           0x0011cc00      0xc08
 *(.tbss)
 *(.tbss.*)
 .tbss.__ctru_dev_utf16_buf
                0x0011cc00      0x802 C:/devkitPro/libctru/lib\libctru.a(path_buf.o)
                0x0011cc00                __ctru_dev_utf16_buf
 *fill*         0x0011d402        0x2 
 .tbss.__ctru_dev_path_buf
                0x0011d404      0x401 C:/devkitPro/libctru/lib\libctru.a(path_buf.o)
                0x0011d404                __ctru_dev_path_buf
 *(.gnu.linkonce.tb.*)
 *(.tcommon)
                0x0011d808                        . = ALIGN (0x4)
 *fill*         0x0011d805        0x3 

.preinit_array  0x0011cc00        0x0
                0x0011cc00                        PROVIDE (__preinit_array_start = .)
 *(.preinit_array)
                0x0011cc00                        PROVIDE (__preinit_array_end = .)

.init_array     0x0011cc00        0x4
                0x0011cc00                        PROVIDE (__init_array_start = .)
 *(SORT_BY_NAME(.init_array.*))
 *(.init_array)
 .init_array    0x0011cc00        0x4 C:/devkitPro/devkitARM/bin/../lib/gcc/arm-none-eabi/15.1.0/armv6k/fpu/crtbegin.o
                0x0011cc04                        PROVIDE (__init_array_end = .)

.fini_array     0x0011cc04        0x4
                0x0011cc04                        PROVIDE (__fini_array_start = .)
 *(.fini_array)
 .fini_array    0x0011cc04        0x4 C:/devkitPro/devkitARM/bin/../lib/gcc/arm-none-eabi/15.1.0/armv6k/fpu/crtbegin.o
 *(SORT_BY_NAME(.fini_array.*))
                0x0011cc08                        PROVIDE (__fini_array_end = .)

.ctors
 *crtbegin.o(.ctors)
 *(EXCLUDE_FILE(*crtend.o) .ctors)
 *(SORT_BY_NAME(.ctors.*))
 *(.ctors)

.dtors
 *crtbegin.o(.dtors)
 *(EXCLUDE_FILE(*crtend.o) .dtors)
 *(SORT_BY_NAME(.dtors.*))
 *(.dtors)
                0x0011cc08                        __bss_start__ = .

.bss            0x0011cc08     0x2e2c
 *(.dynbss)
 *(.bss)
 *(.bss.*)
 .bss.completed.1
                0x0011cc08        0x1 C:/devkitPro/devkitARM/bin/../lib/gcc/arm-none-eabi/15.1.0/armv6k/fpu/crtbegin.o
 *fill*         0x0011cc09        0x3 
 .bss.object.0  0x0011cc0c       0x18 C:/devkitPro/devkitARM/bin/../lib/gcc/arm-none-eabi/15.1.0/armv6k/fpu/crtbegin.o
 *fill*         0x0011cc24        0x4 
 .bss.archive_devices
                0x0011cc28      0x5c0 C:/devkitPro/libctru/lib\libctru.a(archive_dev.o)
 .bss.archive_device_cwd
                0x0011d1e8        0x4 C:/devkitPro/libctru/lib\libctru.a(archive_dev.o)
 .bss.archive_initialized
                0x0011d1ec        0x1 C:/devkitPro/libctru/lib\libctru.a(archive_dev.o)
 *fill*         0x0011d1ed        0x3 
 .bss.escapeSeq
                0x0011d1f0       0x64 C:/devkitPro/libctru/lib\libctru.a(console.o)
 .bss.currentCopy
                0x0011d254       0x48 C:/devkitPro/libctru/lib\libctru.a(console.o)
                0x0011d254                currentCopy
 .bss.screenAlloc
                0x0011d29c        0x4 C:/devkitPro/libctru/lib\libctru.a(gfx.o)
 .bss.screenFree
                0x0011d2a0        0x4 C:/devkitPro/libctru/lib\libctru.a(gfx.o)
 .bss.gfxIsDoubleBuf
                0x0011d2a4        0x2 C:/devkitPro/libctru/lib\libctru.a(gfx.o)
 *fill*         0x0011d2a6        0x2 
 .bss.gfxCurBuf
                0x0011d2a8        0x2 C:/devkitPro/libctru/lib\libctru.a(gfx.o)
 .bss.gfxIsVram
                0x0011d2aa        0x1 C:/devkitPro/libctru/lib\libctru.a(gfx.o)
 .bss.gfxTopMode
                0x0011d2ab        0x1 C:/devkitPro/libctru/lib\libctru.a(gfx.o)
 .bss.gfxFramebufferFormats
                0x0011d2ac        0x2 C:/devkitPro/libctru/lib\libctru.a(gfx.o)
 *fill*         0x0011d2ae        0x2 
 .bss.gfxBottomFramebufferMaxSize
                0x0011d2b0        0x4 C:/devkitPro/libctru/lib\libctru.a(gfx.o)
 .bss.gfxTopFramebufferMaxSize
                0x0011d2b4        0x4 C:/devkitPro/libctru/lib\libctru.a(gfx.o)
 .bss.gfxBottomFramebuffers
                0x0011d2b8        0x8 C:/devkitPro/libctru/lib\libctru.a(gfx.o)
 .bss.gfxTopFramebuffers
                0x0011d2c0        0x8 C:/devkitPro/libctru/lib\libctru.a(gfx.o)
 .bss.flagValue.0
                0x0011d2c8        0x1 C:/devkitPro/libctru/lib\libctru.a(apt.o)
 .bss.flagInit.1
                0x0011d2c9        0x1 C:/devkitPro/libctru/lib\libctru.a(apt.o)
 *fill*         0x0011d2ca        0x2 
 .bss.serviceName.6